[localhost:08017] opal_ifinit: ioctl(SIOCGIFHWADDR) failed with errno=13
[localhost:08017] pmix_ifinit: ioctl(SIOCGIFHWADDR) failed with errno=13
failed to open /dev/dri/renderD128: Permission denied
failed to open /dev/dri/renderD128: Permission denied
failed to open /dev/dri/renderD128: Permission denied
failed to open /dev/dri/renderD128: Permission denied
failed to open /dev/dri/renderD128: Permission denied
failed to open /dev/dri/renderD128: Permission denied
graph_generation:               0.000002 s
quotient: V=262145 E=8387052 V/Q=153797 E/Q=7590085 |V|/|V/Q|=1.704487 largest_class=88453 isolated=88453
  times: CSR 3.865207 sort 2.189007 fp 0.515021 classify 0.019325 quotientCSR 2.406478 (total 8.995039)
construction_time:              8.995950 s
[quotient] root 117395 qbfs=0.199327 recon=0.110782 visited=173585/262145 levels=6
=== QUOTIENT EVIDENCE for root 117395 ===
   v=0 orig_dist=3 quo_dist=3 class=98448
   v=1 orig_dist=4 quo_dist=4 class=13519
   v=2 orig_dist=3 quo_dist=3 class=50133
   v=3 orig_dist=3 quo_dist=3 class=4863
   v=4 orig_dist=-1 quo_dist=-1 class=0
   v=5 orig_dist=3 quo_dist=3 class=28353
   v=6 orig_dist=3 quo_dist=3 class=62032
   v=7 orig_dist=3 quo_dist=3 class=91341
   v=8 orig_dist=3 quo_dist=3 class=106514
   v=9 orig_dist=4 quo_dist=4 class=8265
   v=10 orig_dist=-1 quo_dist=-1 class=0
   v=11 orig_dist=3 quo_dist=3 class=46999
   Q B_G == B_Q Q check: matched 262144/262144 non-root vertices (root 117395 handled by singleton split), mismatches=0
   level 1: parent-class map (class -> parent class, rep-vertex):
     class 153700 (1 members, rep v=237414) <- parent 153797 rep-vertex=117395
     class 153788 (1 members, rep v=236717) <- parent 153797 rep-vertex=117395
   level 2: parent-class map (class -> parent class, rep-vertex):
     class 653 (99 members, rep v=126) <- parent 153788 rep-vertex=236717
     class 7528 (29 members, rep v=3406) <- parent 153700 rep-vertex=237414
     class 15250 (1 members, rep v=242517) <- parent 153788 rep-vertex=236717
     class 15295 (1 members, rep v=200499) <- parent 153700 rep-vertex=237414
     class 15343 (1 members, rep v=24592) <- parent 153700 rep-vertex=237414
     class 15382 (1 members, rep v=238985) <- parent 153788 rep-vertex=236717
     class 15432 (1 members, rep v=130069) <- parent 153788 rep-vertex=236717
     class 15467 (1 members, rep v=119107) <- parent 153700 rep-vertex=237414
     class 15469 (1 members, rep v=188906) <- parent 153788 rep-vertex=236717
     class 16253 (1 members, rep v=172828) <- parent 153788 rep-vertex=236717
   level 3: parent-class map (class -> parent class, rep-vertex):
     class 3 (2 members, rep v=30877) <- parent 152379 rep-vertex=33720
     class 13 (1 members, rep v=67094) <- parent 140365 rep-vertex=231181
     class 15 (2 members, rep v=208983) <- parent 152360 rep-vertex=145619
     class 22 (2 members, rep v=63161) <- parent 150056 rep-vertex=213925
     class 24 (1 members, rep v=187908) <- parent 133409 rep-vertex=253191
     class 25 (1 members, rep v=141247) <- parent 145649 rep-vertex=102272
     class 26 (1 members, rep v=213115) <- parent 141526 rep-vertex=70028
     class 28 (1 members, rep v=189215) <- parent 145480 rep-vertex=244679
     class 30 (1 members, rep v=97389) <- parent 142085 rep-vertex=66169
     class 35 (3 members, rep v=20525) <- parent 143708 rep-vertex=52676
   reconstructed pred[] (first 12 vertices):
     pred[0]=239834 dist=3
     pred[1]=239328 dist=4
     pred[2]=235041 dist=3
     pred[3]=24447 dist=3
     pred[4]=-1 dist=-1
     pred[5]=72304 dist=3
     pred[6]=159293 dist=3
     pred[7]=250315 dist=3
     pred[8]=246686 dist=3
     pred[9]=100058 dist=4
     pred[10]=-1 dist=-1
     pred[11]=57163 dist=3
Running BFS 0
[quotient] root 117395 qbfs=0.157938 recon=0.096025 visited=173585/262145 levels=6
Time for BFS 0 is 0.254073
TEPS for BFS 0 is 1.6505e+07
Validating BFS 0
Validate time for BFS 0 is 3.353775
Running BFS 1
[quotient] root 54946 qbfs=0.192231 recon=0.102429 visited=173585/262145 levels=7
Time for BFS 1 is 0.294770
TEPS for BFS 1 is 1.42263e+07
Validating BFS 1
Validate time for BFS 1 is 3.346124
Running BFS 2
[quotient] root 56428 qbfs=0.178083 recon=0.098005 visited=173585/262145 levels=7
Time for BFS 2 is 0.276190
TEPS for BFS 2 is 1.51833e+07
Validating BFS 2
Validate time for BFS 2 is 2.900170
Running BFS 3
[quotient] root 32257 qbfs=0.148029 recon=0.085780 visited=173585/262145 levels=6
Time for BFS 3 is 0.233931
TEPS for BFS 3 is 1.79261e+07
Validating BFS 3
Validate time for BFS 3 is 3.032062
Running BFS 4
[quotient] root 247419 qbfs=0.165428 recon=0.105846 visited=173585/262145 levels=6
Time for BFS 4 is 0.271385
TEPS for BFS 4 is 1.54521e+07
Validating BFS 4
Validate time for BFS 4 is 2.960822
Running BFS 5
[quotient] root 2403 qbfs=0.152836 recon=0.084806 visited=173585/262145 levels=7
Time for BFS 5 is 0.237771
TEPS for BFS 5 is 1.76366e+07
Validating BFS 5
Validate time for BFS 5 is 3.602572
Running BFS 6
[quotient] root 119234 qbfs=0.164303 recon=0.091826 visited=173585/262145 levels=6
Time for BFS 6 is 0.256238
TEPS for BFS 6 is 1.63655e+07
Validating BFS 6
Validate time for BFS 6 is 2.765888
Running BFS 7
[quotient] root 88128 qbfs=0.176280 recon=0.098099 visited=173585/262145 levels=6
Time for BFS 7 is 0.274715
TEPS for BFS 7 is 1.52648e+07
Validating BFS 7
Validate time for BFS 7 is 2.563680
Running BFS 8
[quotient] root 60515 qbfs=0.154299 recon=0.082959 visited=173585/262145 levels=6
Time for BFS 8 is 0.237521
TEPS for BFS 8 is 1.76552e+07
Validating BFS 8
Validate time for BFS 8 is 2.697100
Running BFS 9
[quotient] root 230445 qbfs=0.163515 recon=0.094591 visited=173585/262145 levels=7
Time for BFS 9 is 0.258254
TEPS for BFS 9 is 1.62378e+07
Validating BFS 9
Validate time for BFS 9 is 2.351136
Running BFS 10
[quotient] root 206481 qbfs=0.147546 recon=0.083548 visited=173585/262145 levels=7
Time for BFS 10 is 0.231211
TEPS for BFS 10 is 1.8137e+07
Validating BFS 10
Validate time for BFS 10 is 2.211087
Running BFS 11
[quotient] root 29872 qbfs=0.165298 recon=0.095056 visited=173585/262145 levels=7
Time for BFS 11 is 0.260473
TEPS for BFS 11 is 1.60994e+07
Validating BFS 11
Validate time for BFS 11 is 2.498868
Running BFS 12
[quotient] root 177630 qbfs=0.150983 recon=0.079334 visited=173585/262145 levels=6
Time for BFS 12 is 0.230445
TEPS for BFS 12 is 1.81973e+07
Validating BFS 12
Validate time for BFS 12 is 2.266814
Running BFS 13
[quotient] root 41895 qbfs=0.150055 recon=0.087833 visited=173585/262145 levels=6
Time for BFS 13 is 0.238096
TEPS for BFS 13 is 1.76125e+07
Validating BFS 13
Validate time for BFS 13 is 2.600345
Running BFS 14
[quotient] root 52869 qbfs=0.191958 recon=0.105568 visited=173585/262145 levels=6
Time for BFS 14 is 0.297661
TEPS for BFS 14 is 1.40881e+07
Validating BFS 14
Validate time for BFS 14 is 2.566822
Running BFS 15
[quotient] root 96661 qbfs=0.154068 recon=0.085716 visited=173585/262145 levels=7
Time for BFS 15 is 0.239996
TEPS for BFS 15 is 1.74731e+07
Validating BFS 15
Validate time for BFS 15 is 2.256580
Running BFS 16
[quotient] root 24653 qbfs=0.148591 recon=0.082599 visited=173585/262145 levels=7
Time for BFS 16 is 0.231317
TEPS for BFS 16 is 1.81287e+07
Validating BFS 16
Validate time for BFS 16 is 2.912915
Running BFS 17
[quotient] root 35889 qbfs=0.186023 recon=0.102803 visited=173585/262145 levels=7
Time for BFS 17 is 0.288954
TEPS for BFS 17 is 1.45126e+07
Validating BFS 17
Validate time for BFS 17 is 3.117930
Running BFS 18
[quotient] root 247513 qbfs=0.198063 recon=0.100534 visited=173585/262145 levels=7
Time for BFS 18 is 0.298708
TEPS for BFS 18 is 1.40387e+07
Validating BFS 18
Validate time for BFS 18 is 3.073086
Running BFS 19
[quotient] root 213868 qbfs=0.164861 recon=0.090670 visited=173585/262145 levels=6
Time for BFS 19 is 0.255645
TEPS for BFS 19 is 1.64035e+07
Validating BFS 19
Validate time for BFS 19 is 2.684132
Running BFS 20
[quotient] root 19529 qbfs=0.172341 recon=0.097788 visited=173585/262145 levels=6
Time for BFS 20 is 0.270250
TEPS for BFS 20 is 1.5517e+07
Validating BFS 20
Validate time for BFS 20 is 2.379617
Running BFS 21
[quotient] root 16424 qbfs=0.156927 recon=0.089162 visited=173585/262145 levels=6
Time for BFS 21 is 0.246316
TEPS for BFS 21 is 1.70248e+07
Validating BFS 21
Validate time for BFS 21 is 2.327371
Running BFS 22
[quotient] root 95656 qbfs=0.157322 recon=0.083440 visited=173585/262145 levels=6
Time for BFS 22 is 0.240895
TEPS for BFS 22 is 1.74079e+07
Validating BFS 22
Validate time for BFS 22 is 2.405418
Running BFS 23
[quotient] root 10675 qbfs=0.151868 recon=0.084972 visited=173585/262145 levels=7
Time for BFS 23 is 0.236951
TEPS for BFS 23 is 1.76976e+07
Validating BFS 23
Validate time for BFS 23 is 2.731897
Running BFS 24
[quotient] root 164186 qbfs=0.167994 recon=0.089717 visited=173585/262145 levels=6
Time for BFS 24 is 0.257834
TEPS for BFS 24 is 1.62643e+07
Validating BFS 24
Validate time for BFS 24 is 2.746872
Running BFS 25
[quotient] root 145939 qbfs=0.179319 recon=0.092814 visited=173585/262145 levels=6
Time for BFS 25 is 0.272256
TEPS for BFS 25 is 1.54027e+07
Validating BFS 25
Validate time for BFS 25 is 2.412588
Running BFS 26
[quotient] root 190916 qbfs=0.152045 recon=0.087002 visited=173585/262145 levels=6
Time for BFS 26 is 0.239172
TEPS for BFS 26 is 1.75333e+07
Validating BFS 26
Validate time for BFS 26 is 2.685062
Running BFS 27
[quotient] root 229969 qbfs=0.150852 recon=0.104208 visited=173585/262145 levels=6
Time for BFS 27 is 0.255197
TEPS for BFS 27 is 1.64323e+07
Validating BFS 27
Validate time for BFS 27 is 2.994254
Running BFS 28
[quotient] root 50498 qbfs=0.163062 recon=0.099508 visited=173585/262145 levels=7
Time for BFS 28 is 0.262685
TEPS for BFS 28 is 1.59639e+07
Validating BFS 28
Validate time for BFS 28 is 2.858843
Running BFS 29
[quotient] root 145870 qbfs=0.168368 recon=0.091478 visited=173585/262145 levels=7
Time for BFS 29 is 0.259951
TEPS for BFS 29 is 1.61318e+07
Validating BFS 29
Validate time for BFS 29 is 2.754950
Running BFS 30
[quotient] root 171561 qbfs=0.167098 recon=0.088380 visited=173585/262145 levels=6
Time for BFS 30 is 0.255747
TEPS for BFS 30 is 1.63969e+07
Validating BFS 30
Validate time for BFS 30 is 2.710386
Running BFS 31
[quotient] root 176876 qbfs=0.157758 recon=0.089513 visited=173585/262145 levels=7
Time for BFS 31 is 0.247380
TEPS for BFS 31 is 1.69515e+07
Validating BFS 31
Validate time for BFS 31 is 2.834050
Running BFS 32
[quotient] root 25049 qbfs=0.156111 recon=0.089720 visited=173585/262145 levels=6
Time for BFS 32 is 0.245939
TEPS for BFS 32 is 1.70509e+07
Validating BFS 32
Validate time for BFS 32 is 2.784446
Running BFS 33
[quotient] root 225139 qbfs=0.157906 recon=0.093289 visited=173585/262145 levels=6
Time for BFS 33 is 0.251320
TEPS for BFS 33 is 1.66858e+07
Validating BFS 33
Validate time for BFS 33 is 2.775064
Running BFS 34
[quotient] root 174330 qbfs=0.162229 recon=0.092447 visited=173585/262145 levels=6
Time for BFS 34 is 0.254782
TEPS for BFS 34 is 1.64591e+07
Validating BFS 34
Validate time for BFS 34 is 4.076349
Running BFS 35
[quotient] root 9095 qbfs=0.613942 recon=0.228086 visited=173585/262145 levels=6
Time for BFS 35 is 0.842204
TEPS for BFS 35 is 4.97916e+06
Validating BFS 35
Validate time for BFS 35 is 3.660806
Running BFS 36
[quotient] root 45440 qbfs=0.164198 recon=0.092233 visited=173585/262145 levels=6
Time for BFS 36 is 0.256541
TEPS for BFS 36 is 1.63462e+07
Validating BFS 36
Validate time for BFS 36 is 3.269901
Running BFS 37
[quotient] root 124259 qbfs=0.160120 recon=0.084778 visited=173585/262145 levels=6
Time for BFS 37 is 0.245020
TEPS for BFS 37 is 1.71148e+07
Validating BFS 37
Validate time for BFS 37 is 2.225728
Running BFS 38
[quotient] root 208908 qbfs=0.149519 recon=0.081795 visited=173585/262145 levels=6
Time for BFS 38 is 0.231440
TEPS for BFS 38 is 1.8119e+07
Validating BFS 38
Validate time for BFS 38 is 2.418571
Running BFS 39
[quotient] root 85232 qbfs=0.158463 recon=0.090955 visited=173585/262145 levels=7
Time for BFS 39 is 0.249545
TEPS for BFS 39 is 1.68044e+07
Validating BFS 39
Validate time for BFS 39 is 2.964830
Running BFS 40
[quotient] root 208657 qbfs=0.161083 recon=0.094059 visited=173585/262145 levels=6
Time for BFS 40 is 0.255254
TEPS for BFS 40 is 1.64286e+07
Validating BFS 40
Validate time for BFS 40 is 2.788159
Running BFS 41
[quotient] root 43861 qbfs=0.161174 recon=0.096947 visited=173585/262145 levels=6
Time for BFS 41 is 0.258231
TEPS for BFS 41 is 1.62392e+07
Validating BFS 41
Validate time for BFS 41 is 3.102896
Running BFS 42
[quotient] root 38238 qbfs=0.157138 recon=0.095537 visited=173585/262145 levels=7
Time for BFS 42 is 0.252789
TEPS for BFS 42 is 1.65888e+07
Validating BFS 42
Validate time for BFS 42 is 2.795640
Running BFS 43
[quotient] root 44290 qbfs=0.157331 recon=0.086541 visited=173585/262145 levels=6
Time for BFS 43 is 0.243982
TEPS for BFS 43 is 1.71876e+07
Validating BFS 43
Validate time for BFS 43 is 2.746103
Running BFS 44
[quotient] root 210138 qbfs=0.159592 recon=0.097377 visited=173585/262145 levels=7
Time for BFS 44 is 0.257084
TEPS for BFS 44 is 1.63117e+07
Validating BFS 44
Validate time for BFS 44 is 3.019077
Running BFS 45
[quotient] root 97977 qbfs=0.166433 recon=0.102410 visited=173585/262145 levels=7
Time for BFS 45 is 0.268946
TEPS for BFS 45 is 1.55923e+07
Validating BFS 45
Validate time for BFS 45 is 3.343276
Running BFS 46
[quotient] root 182821 qbfs=0.169821 recon=0.099727 visited=173585/262145 levels=6
Time for BFS 46 is 0.269734
TEPS for BFS 46 is 1.55467e+07
Validating BFS 46
Validate time for BFS 46 is 2.787023
Running BFS 47
[quotient] root 75311 qbfs=0.157708 recon=0.089948 visited=173585/262145 levels=7
Time for BFS 47 is 0.247768
TEPS for BFS 47 is 1.6925e+07
Validating BFS 47
Validate time for BFS 47 is 2.715147
Running BFS 48
[quotient] root 3732 qbfs=0.159081 recon=0.088033 visited=173585/262145 levels=6
Time for BFS 48 is 0.247228
TEPS for BFS 48 is 1.6962e+07
Validating BFS 48
Validate time for BFS 48 is 2.629759
Running BFS 49
[quotient] root 182306 qbfs=0.154837 recon=0.089296 visited=173585/262145 levels=6
Time for BFS 49 is 0.244251
TEPS for BFS 49 is 1.71687e+07
Validating BFS 49
Validate time for BFS 49 is 2.686407
Running BFS 50
[quotient] root 75630 qbfs=0.158532 recon=0.091326 visited=173585/262145 levels=6
Time for BFS 50 is 0.249973
TEPS for BFS 50 is 1.67757e+07
Validating BFS 50
Validate time for BFS 50 is 2.674432
Running BFS 51
[quotient] root 172699 qbfs=0.151227 recon=0.090606 visited=173585/262145 levels=6
Time for BFS 51 is 0.241949
TEPS for BFS 51 is 1.7332e+07
Validating BFS 51
Validate time for BFS 51 is 3.000751
Running BFS 52
[quotient] root 104534 qbfs=0.173830 recon=0.101792 visited=173585/262145 levels=7
Time for BFS 52 is 0.275720
TEPS for BFS 52 is 1.52092e+07
Validating BFS 52
Validate time for BFS 52 is 3.282270
Running BFS 53
[quotient] root 27533 qbfs=0.174018 recon=0.096668 visited=173585/262145 levels=7
Time for BFS 53 is 0.270776
TEPS for BFS 53 is 1.54868e+07
Validating BFS 53
Validate time for BFS 53 is 3.370885
Running BFS 54
[quotient] root 52109 qbfs=0.158537 recon=0.089932 visited=173585/262145 levels=6
Time for BFS 54 is 0.248579
TEPS for BFS 54 is 1.68698e+07
Validating BFS 54
Validate time for BFS 54 is 3.192448
Running BFS 55
[quotient] root 245558 qbfs=0.180673 recon=0.092751 visited=173585/262145 levels=6
Time for BFS 55 is 0.273535
TEPS for BFS 55 is 1.53307e+07
Validating BFS 55
Validate time for BFS 55 is 3.114620
Running BFS 56
[quotient] root 77706 qbfs=0.176310 recon=0.093986 visited=173585/262145 levels=6
Time for BFS 56 is 0.270414
TEPS for BFS 56 is 1.55076e+07
Validating BFS 56
Validate time for BFS 56 is 2.844369
Running BFS 57
[quotient] root 175793 qbfs=0.160199 recon=0.100839 visited=173585/262145 levels=6
Time for BFS 57 is 0.261143
TEPS for BFS 57 is 1.60581e+07
Validating BFS 57
Validate time for BFS 57 is 2.879414
Running BFS 58
[quotient] root 10077 qbfs=0.157815 recon=0.091092 visited=173585/262145 levels=6
Time for BFS 58 is 0.249015
TEPS for BFS 58 is 1.68402e+07
Validating BFS 58
Validate time for BFS 58 is 2.801792
Running BFS 59
[quotient] root 200945 qbfs=0.155363 recon=0.091379 visited=173585/262145 levels=6
Time for BFS 59 is 0.246867
TEPS for BFS 59 is 1.69867e+07
Validating BFS 59
Validate time for BFS 59 is 2.842477
Running BFS 60
[quotient] root 192103 qbfs=0.162097 recon=0.091788 visited=173585/262145 levels=6
Time for BFS 60 is 0.254007
TEPS for BFS 60 is 1.65093e+07
Validating BFS 60
Validate time for BFS 60 is 2.907586
Running BFS 61
[quotient] root 194104 qbfs=0.167866 recon=0.100745 visited=173585/262145 levels=6
Time for BFS 61 is 0.268725
TEPS for BFS 61 is 1.5605e+07
Validating BFS 61
Validate time for BFS 61 is 2.861689
Running BFS 62
[quotient] root 92739 qbfs=0.150726 recon=0.092726 visited=173585/262145 levels=6
Time for BFS 62 is 0.243561
TEPS for BFS 62 is 1.72173e+07
Validating BFS 62
Validate time for BFS 62 is 2.826781
Running BFS 63
[quotient] root 227897 qbfs=0.151772 recon=0.088697 visited=173585/262145 levels=7
Time for BFS 63 is 0.240634
TEPS for BFS 63 is 1.74267e+07
Validating BFS 63
Validate time for BFS 63 is 2.797030
SCALE:                          18
edgefactor:                     16
NBFS:                           64
graph_generation:               2.031e-06
num_mpi_processes:              1
construction_time:              8.99595
bfs  min_time:                  0.230445
bfs  firstquartile_time:        0.244117
bfs  median_time:               0.254427
bfs  thirdquartile_time:        0.268836
bfs  max_time:                  0.842204
bfs  mean_time:                 0.264515
bfs  stddev_time:               0.0750844
min_nedge:                      4193472
firstquartile_nedge:            4193472
median_nedge:                   4193472
thirdquartile_nedge:            4193472
max_nedge:                      4193472
mean_nedge:                     4193472
stddev_nedge:                   0
bfs  min_TEPS:                  4.97916e+06
bfs  firstquartile_TEPS:        1.55987e+07
bfs  median_TEPS:               1.6482e+07
bfs  thirdquartile_TEPS:        1.71782e+07
bfs  max_TEPS:                  1.81973e+07
bfs  harmonic_mean_TEPS:     !  1.58535e+07
bfs  harmonic_stddev_TEPS:      566961
bfs  min_validate:              2.21109
bfs  firstquartile_validate:    2.67928
bfs  median_validate:           2.79633
bfs  thirdquartile_validate:    3.00991
bfs  max_validate:              4.07635
bfs  mean_validate:             2.84045
bfs  stddev_validate:           0.357913
