[localhost:15505] opal_ifinit: ioctl(SIOCGIFHWADDR) failed with errno=13
[localhost:15505] pmix_ifinit: ioctl(SIOCGIFHWADDR) failed with errno=13
failed to open /dev/dri/renderD128: Permission denied
failed to open /dev/dri/renderD128: Permission denied
failed to open /dev/dri/renderD128: Permission denied
failed to open /dev/dri/renderD128: Permission denied
failed to open /dev/dri/renderD128: Permission denied
failed to open /dev/dri/renderD128: Permission denied
graph_generation:               0.000002 s
quotient: V=1048576 E=33552116 V/Q=560820 E/Q=31315306 |V|/|V/Q|=1.869719 largest_class=402453 isolated=402453
  times: CSR 21.649186 sort 8.493039 fp 1.996064 classify 0.143404 quotientCSR 16.282160 (total 48.563853)
construction_time:              48.567651 s
[quotient] root 469580 qbfs=0.859784 recon=0.416587 visited=645643/1048576 levels=6
Running BFS 0
[quotient] root 469580 qbfs=1.018461 recon=0.414951 visited=645643/1048576 levels=6
Time for BFS 0 is 1.433524
TEPS for BFS 0 is 1.17025e+07
Validating BFS 0
Validate time for BFS 0 is 20.161728
Running BFS 1
[quotient] root 129031 qbfs=0.940555 recon=0.435308 visited=645643/1048576 levels=7
Time for BFS 1 is 1.375972
TEPS for BFS 1 is 1.2192e+07
Validating BFS 1
Validate time for BFS 1 is 19.040403
Running BFS 2
[quotient] root 989678 qbfs=0.854803 recon=0.407194 visited=645643/1048576 levels=8
Time for BFS 2 is 1.262119
TEPS for BFS 2 is 1.32918e+07
Validating BFS 2
Validate time for BFS 2 is 18.890787
Running BFS 3
[quotient] root 404994 qbfs=0.858933 recon=0.400620 visited=645643/1048576 levels=7
Time for BFS 3 is 1.259664
TEPS for BFS 3 is 1.33177e+07
Validating BFS 3
Validate time for BFS 3 is 18.852503
Running BFS 4
[quotient] root 9614 qbfs=0.846688 recon=0.404620 visited=645643/1048576 levels=7
Time for BFS 4 is 1.251419
TEPS for BFS 4 is 1.34054e+07
Validating BFS 4
Validate time for BFS 4 is 19.076022
Running BFS 5
[quotient] root 869058 qbfs=0.836674 recon=0.412598 visited=645643/1048576 levels=6
Time for BFS 5 is 1.249387
TEPS for BFS 5 is 1.34272e+07
Validating BFS 5
Validate time for BFS 5 is 18.566171
Running BFS 6
[quotient] root 795925 qbfs=0.845521 recon=0.397758 visited=645643/1048576 levels=7
Time for BFS 6 is 1.243442
TEPS for BFS 6 is 1.34914e+07
Validating BFS 6
Validate time for BFS 6 is 19.770197
Running BFS 7
[quotient] root 352515 qbfs=1.183483 recon=0.460492 visited=645643/1048576 levels=7
Time for BFS 7 is 1.644088
TEPS for BFS 7 is 1.02037e+07
Validating BFS 7
Validate time for BFS 7 is 19.682702
Running BFS 8
[quotient] root 921783 qbfs=0.896834 recon=0.404613 visited=645643/1048576 levels=6
Time for BFS 8 is 1.301545
TEPS for BFS 8 is 1.28892e+07
Validating BFS 8
Validate time for BFS 8 is 21.321102
Running BFS 9
[quotient] root 451242 qbfs=1.579752 recon=0.490810 visited=645643/1048576 levels=7
Time for BFS 9 is 2.070668
TEPS for BFS 9 is 8.10164e+06
Validating BFS 9
Validate time for BFS 9 is 20.679950
Running BFS 10
[quotient] root 825926 qbfs=1.078602 recon=0.410303 visited=645643/1048576 levels=7
Time for BFS 10 is 1.488995
TEPS for BFS 10 is 1.12665e+07
Validating BFS 10
Validate time for BFS 10 is 19.727603
Running BFS 11
[quotient] root 729679 qbfs=1.034352 recon=0.413007 visited=645643/1048576 levels=7
Time for BFS 11 is 1.447437
TEPS for BFS 11 is 1.159e+07
Validating BFS 11
Validate time for BFS 11 is 20.449414
Running BFS 12
[quotient] root 119488 qbfs=0.947304 recon=0.424539 visited=645643/1048576 levels=7
Time for BFS 12 is 1.371945
TEPS for BFS 12 is 1.22278e+07
Validating BFS 12
Validate time for BFS 12 is 20.765574
Running BFS 13
[quotient] root 710521 qbfs=0.927184 recon=0.409840 visited=645643/1048576 levels=7
Time for BFS 13 is 1.337132
TEPS for BFS 13 is 1.25461e+07
Validating BFS 13
Validate time for BFS 13 is 20.275369
Running BFS 14
[quotient] root 134905 qbfs=1.133133 recon=0.548213 visited=645643/1048576 levels=7
Time for BFS 14 is 1.681434
TEPS for BFS 14 is 9.97709e+06
Validating BFS 14
Validate time for BFS 14 is 20.863745
Running BFS 15
[quotient] root 386645 qbfs=1.001782 recon=0.453034 visited=645643/1048576 levels=7
Time for BFS 15 is 1.454979
TEPS for BFS 15 is 1.15299e+07
Validating BFS 15
Validate time for BFS 15 is 20.181300
Running BFS 16
[quotient] root 98614 qbfs=1.010573 recon=0.413283 visited=645643/1048576 levels=7
Time for BFS 16 is 1.423964
TEPS for BFS 16 is 1.17811e+07
Validating BFS 16
Validate time for BFS 16 is 20.264789
Running BFS 17
[quotient] root 548588 qbfs=0.990202 recon=0.433574 visited=645643/1048576 levels=6
Time for BFS 17 is 1.423852
TEPS for BFS 17 is 1.1782e+07
Validating BFS 17
Validate time for BFS 17 is 20.485228
Running BFS 18
[quotient] root 143558 qbfs=1.059196 recon=0.424316 visited=645643/1048576 levels=6
Time for BFS 18 is 1.483617
TEPS for BFS 18 is 1.13074e+07
Validating BFS 18
Validate time for BFS 18 is 20.444336
Running BFS 19
[quotient] root 491211 qbfs=0.873916 recon=0.437191 visited=645643/1048576 levels=7
Time for BFS 19 is 1.311201
TEPS for BFS 19 is 1.27942e+07
Validating BFS 19
Validate time for BFS 19 is 20.201454
Running BFS 20
[quotient] root 273640 qbfs=1.071233 recon=0.422143 visited=645643/1048576 levels=7
Time for BFS 20 is 1.493472
TEPS for BFS 20 is 1.12328e+07
Validating BFS 20
Validate time for BFS 20 is 20.035798
Running BFS 21
[quotient] root 186752 qbfs=0.892630 recon=0.400401 visited=645643/1048576 levels=7
Time for BFS 21 is 1.293114
TEPS for BFS 21 is 1.29732e+07
Validating BFS 21
Validate time for BFS 21 is 21.473166
Running BFS 22
[quotient] root 65696 qbfs=1.020443 recon=0.418111 visited=645643/1048576 levels=6
Time for BFS 22 is 1.439013
TEPS for BFS 22 is 1.16579e+07
Validating BFS 22
Validate time for BFS 22 is 20.147908
Running BFS 23
[quotient] root 42701 qbfs=1.068926 recon=0.450579 visited=645643/1048576 levels=8
Time for BFS 23 is 1.519610
TEPS for BFS 23 is 1.10396e+07
Validating BFS 23
Validate time for BFS 23 is 19.605138
Running BFS 24
[quotient] root 656747 qbfs=1.059057 recon=0.406341 visited=645643/1048576 levels=7
Time for BFS 24 is 1.465500
TEPS for BFS 24 is 1.14472e+07
Validating BFS 24
Validate time for BFS 24 is 20.498855
Running BFS 25
[quotient] root 594574 qbfs=1.036814 recon=0.433283 visited=645643/1048576 levels=7
Time for BFS 25 is 1.470199
TEPS for BFS 25 is 1.14106e+07
Validating BFS 25
Validate time for BFS 25 is 20.008138
Running BFS 26
[quotient] root 763666 qbfs=1.044781 recon=0.452022 visited=645643/1048576 levels=6
Time for BFS 26 is 1.496966
TEPS for BFS 26 is 1.12065e+07
Validating BFS 26
Validate time for BFS 26 is 21.028463
Running BFS 27
[quotient] root 201993 qbfs=1.060772 recon=0.429637 visited=645643/1048576 levels=7
Time for BFS 27 is 1.490500
TEPS for BFS 27 is 1.12552e+07
Validating BFS 27
Validate time for BFS 27 is 20.482475
Running BFS 28
[quotient] root 642859 qbfs=0.940133 recon=0.455820 visited=645643/1048576 levels=7
Time for BFS 28 is 1.396074
TEPS for BFS 28 is 1.20164e+07
Validating BFS 28
Validate time for BFS 28 is 20.312520
Running BFS 29
[quotient] root 226077 qbfs=1.027124 recon=0.437313 visited=645643/1048576 levels=7
Time for BFS 29 is 1.464529
TEPS for BFS 29 is 1.14548e+07
Validating BFS 29
Validate time for BFS 29 is 20.917780
Running BFS 30
[quotient] root 583481 qbfs=1.037298 recon=0.440656 visited=645643/1048576 levels=6
Time for BFS 30 is 1.478086
TEPS for BFS 30 is 1.13497e+07
Validating BFS 30
Validate time for BFS 30 is 20.651743
Running BFS 31
[quotient] root 686247 qbfs=1.155028 recon=0.391170 visited=645643/1048576 levels=7
Time for BFS 31 is 1.546297
TEPS for BFS 31 is 1.0849e+07
Validating BFS 31
Validate time for BFS 31 is 20.743483
Running BFS 32
[quotient] root 316205 qbfs=1.080211 recon=0.430959 visited=645643/1048576 levels=7
Time for BFS 32 is 1.511270
TEPS for BFS 32 is 1.11005e+07
Validating BFS 32
Validate time for BFS 32 is 21.978383
Running BFS 33
[quotient] root 707505 qbfs=1.131754 recon=0.496591 visited=645643/1048576 levels=6
Time for BFS 33 is 1.628444
TEPS for BFS 33 is 1.03017e+07
Validating BFS 33
Validate time for BFS 33 is 21.753170
Running BFS 34
[quotient] root 100199 qbfs=1.264836 recon=0.464692 visited=645643/1048576 levels=7
Time for BFS 34 is 1.729622
TEPS for BFS 34 is 9.69912e+06
Validating BFS 34
Validate time for BFS 34 is 22.719406
Running BFS 35
[quotient] root 36383 qbfs=1.703479 recon=0.469468 visited=645643/1048576 levels=7
Time for BFS 35 is 2.173068
TEPS for BFS 35 is 7.71988e+06
Validating BFS 35
Validate time for BFS 35 is 22.006121
Running BFS 36
[quotient] root 181763 qbfs=1.044265 recon=0.384128 visited=645643/1048576 levels=7
Time for BFS 36 is 1.428480
TEPS for BFS 36 is 1.17438e+07
Validating BFS 36
Validate time for BFS 36 is 21.662042
Running BFS 37
[quotient] root 544745 qbfs=1.146512 recon=0.460726 visited=645643/1048576 levels=7
Time for BFS 37 is 1.607361
TEPS for BFS 37 is 1.04369e+07
Validating BFS 37
Validate time for BFS 37 is 21.488970
Running BFS 38
[quotient] root 568334 qbfs=1.225410 recon=0.437389 visited=645643/1048576 levels=7
Time for BFS 38 is 1.662893
TEPS for BFS 38 is 1.00883e+07
Validating BFS 38
Validate time for BFS 38 is 21.520191
Running BFS 39
[quotient] root 534383 qbfs=1.187050 recon=0.433973 visited=645643/1048576 levels=7
Time for BFS 39 is 1.621126
TEPS for BFS 39 is 1.03482e+07
Validating BFS 39
Validate time for BFS 39 is 21.633247
Running BFS 40
[quotient] root 340929 qbfs=1.139816 recon=0.435736 visited=645643/1048576 levels=7
Time for BFS 40 is 1.576028
TEPS for BFS 40 is 1.06444e+07
Validating BFS 40
Validate time for BFS 40 is 21.506727
Running BFS 41
[quotient] root 834628 qbfs=1.182236 recon=0.485495 visited=645643/1048576 levels=6
Time for BFS 41 is 1.667819
TEPS for BFS 41 is 1.00585e+07
Validating BFS 41
Validate time for BFS 41 is 21.863980
Running BFS 42
[quotient] root 909369 qbfs=1.236336 recon=0.467332 visited=645643/1048576 levels=7
Time for BFS 42 is 1.704555
TEPS for BFS 42 is 9.84176e+06
Validating BFS 42
Validate time for BFS 42 is 21.951268
Running BFS 43
[quotient] root 845567 qbfs=1.144954 recon=0.462726 visited=645643/1048576 levels=7
Time for BFS 43 is 1.607824
TEPS for BFS 43 is 1.04339e+07
Validating BFS 43
Validate time for BFS 43 is 21.869608
Running BFS 44
[quotient] root 175444 qbfs=1.234159 recon=0.505944 visited=645643/1048576 levels=6
Time for BFS 44 is 1.740190
TEPS for BFS 44 is 9.64022e+06
Validating BFS 44
Validate time for BFS 44 is 22.874753
Running BFS 45
[quotient] root 936800 qbfs=1.526563 recon=0.464950 visited=645643/1048576 levels=7
Time for BFS 45 is 1.991599
TEPS for BFS 45 is 8.42329e+06
Validating BFS 45
Validate time for BFS 45 is 21.404597
Running BFS 46
[quotient] root 391909 qbfs=1.146493 recon=0.444472 visited=645643/1048576 levels=7
Time for BFS 46 is 1.591079
TEPS for BFS 46 is 1.05437e+07
Validating BFS 46
Validate time for BFS 46 is 22.544499
Running BFS 47
[quotient] root 731286 qbfs=1.245096 recon=0.494105 visited=645643/1048576 levels=7
Time for BFS 47 is 1.739337
TEPS for BFS 47 is 9.64495e+06
Validating BFS 47
Validate time for BFS 47 is 22.244144
Running BFS 48
[quotient] root 301246 qbfs=1.128416 recon=0.462157 visited=645643/1048576 levels=6
Time for BFS 48 is 1.590673
TEPS for BFS 48 is 1.05464e+07
Validating BFS 48
Validate time for BFS 48 is 21.914048
Running BFS 49
[quotient] root 14931 qbfs=1.057605 recon=0.450543 visited=645643/1048576 levels=7
Time for BFS 49 is 1.508244
TEPS for BFS 49 is 1.11227e+07
Validating BFS 49
Validate time for BFS 49 is 21.428004
Running BFS 50
[quotient] root 729225 qbfs=1.104818 recon=0.460226 visited=645643/1048576 levels=7
Time for BFS 50 is 1.565135
TEPS for BFS 50 is 1.07184e+07
Validating BFS 50
Validate time for BFS 50 is 21.942973
Running BFS 51
[quotient] root 690799 qbfs=1.127686 recon=0.400875 visited=645643/1048576 levels=6
Time for BFS 51 is 1.528648
TEPS for BFS 51 is 1.09743e+07
Validating BFS 51
Validate time for BFS 51 is 21.919510
Running BFS 52
[quotient] root 445476 qbfs=0.984031 recon=0.465702 visited=645643/1048576 levels=6
Time for BFS 52 is 1.449857
TEPS for BFS 52 is 1.15707e+07
Validating BFS 52
Validate time for BFS 52 is 20.992352
Running BFS 53
[quotient] root 418139 qbfs=1.055169 recon=0.439280 visited=645643/1048576 levels=7
Time for BFS 53 is 1.494536
TEPS for BFS 53 is 1.12248e+07
Validating BFS 53
Validate time for BFS 53 is 20.301322
Running BFS 54
[quotient] root 374507 qbfs=0.963724 recon=0.409429 visited=645643/1048576 levels=6
Time for BFS 54 is 1.373280
TEPS for BFS 54 is 1.22159e+07
Validating BFS 54
Validate time for BFS 54 is 19.794601
Running BFS 55
[quotient] root 342660 qbfs=1.016332 recon=0.443501 visited=645643/1048576 levels=7
Time for BFS 55 is 1.459964
TEPS for BFS 55 is 1.14906e+07
Validating BFS 55
Validate time for BFS 55 is 19.546726
Running BFS 56
[quotient] root 982233 qbfs=0.919688 recon=0.407686 visited=645643/1048576 levels=7
Time for BFS 56 is 1.327490
TEPS for BFS 56 is 1.26372e+07
Validating BFS 56
Validate time for BFS 56 is 19.367557
Running BFS 57
[quotient] root 597808 qbfs=0.883339 recon=0.430826 visited=645643/1048576 levels=6
Time for BFS 57 is 1.314259
TEPS for BFS 57 is 1.27645e+07
Validating BFS 57
Validate time for BFS 57 is 19.892588
Running BFS 58
[quotient] root 516349 qbfs=0.847816 recon=0.416455 visited=645643/1048576 levels=6
Time for BFS 58 is 1.264392
TEPS for BFS 58 is 1.32679e+07
Validating BFS 58
Validate time for BFS 58 is 19.575811
Running BFS 59
[quotient] root 541526 qbfs=0.886639 recon=0.421926 visited=645643/1048576 levels=6
Time for BFS 59 is 1.308686
TEPS for BFS 59 is 1.28188e+07
Validating BFS 59
Validate time for BFS 59 is 20.232364
Running BFS 60
[quotient] root 40310 qbfs=1.040704 recon=0.469317 visited=645643/1048576 levels=7
Time for BFS 60 is 1.510133
TEPS for BFS 60 is 1.11088e+07
Validating BFS 60
Validate time for BFS 60 is 20.612608
Running BFS 61
[quotient] root 823693 qbfs=0.989162 recon=0.386476 visited=645643/1048576 levels=7
Time for BFS 61 is 1.375746
TEPS for BFS 61 is 1.2194e+07
Validating BFS 61
Validate time for BFS 61 is 20.130687
Running BFS 62
[quotient] root 27592 qbfs=1.003738 recon=0.439945 visited=645643/1048576 levels=6
Time for BFS 62 is 1.443777
TEPS for BFS 62 is 1.16194e+07
Validating BFS 62
Validate time for BFS 62 is 19.839604
Running BFS 63
[quotient] root 976393 qbfs=0.914771 recon=0.412813 visited=645643/1048576 levels=7
Time for BFS 63 is 1.327701
TEPS for BFS 63 is 1.26352e+07
Validating BFS 63
Validate time for BFS 63 is 19.533471
SCALE:                          20
edgefactor:                     16
NBFS:                           64
graph_generation:               1.823e-06
num_mpi_processes:              1
construction_time:              48.5677
bfs  min_time:                  1.24344
bfs  firstquartile_time:        1.37451
bfs  median_time:               1.47414
bfs  thirdquartile_time:        1.59088
bfs  max_time:                  2.17307
bfs  mean_time:                 1.49833
bfs  stddev_time:               0.185727
min_nedge:                      16775818
firstquartile_nedge:            16775818
median_nedge:                   16775818
thirdquartile_nedge:            16775818
max_nedge:                      16775818
mean_nedge:                     16775818
stddev_nedge:                   0
bfs  min_TEPS:                  7.71988e+06
bfs  firstquartile_TEPS:        1.0545e+07
bfs  median_TEPS:               1.13801e+07
bfs  thirdquartile_TEPS:        1.22049e+07
bfs  max_TEPS:                  1.34914e+07
bfs  harmonic_mean_TEPS:     !  1.11964e+07
bfs  harmonic_stddev_TEPS:      174853
bfs  min_validate:              18.5662
bfs  firstquartile_validate:    19.9504
bfs  median_validate:           20.492
bfs  thirdquartile_validate:    21.5135
bfs  max_validate:              22.8748
bfs  mean_validate:             20.682
bfs  stddev_validate:           1.02343
