[localhost:13259] opal_ifinit: ioctl(SIOCGIFHWADDR) failed with errno=13
[localhost:13259] pmix_ifinit: ioctl(SIOCGIFHWADDR) failed with errno=13
failed to open /dev/dri/renderD128: Permission denied
failed to open /dev/dri/renderD128: Permission denied
failed to open /dev/dri/renderD128: Permission denied
failed to open /dev/dri/renderD128: Permission denied
failed to open /dev/dri/renderD128: Permission denied
failed to open /dev/dri/renderD128: Permission denied
graph_generation:               0.000002 s
construction_time:              19.091561 s
Running BFS 0
Time for BFS 0 is 1.987365
TEPS for BFS 0 is 8.44124e+06
Validating BFS 0
Validate time for BFS 0 is 19.807321
Running BFS 1
Time for BFS 1 is 1.847832
TEPS for BFS 1 is 9.07865e+06
Validating BFS 1
Validate time for BFS 1 is 19.498242
Running BFS 2
Time for BFS 2 is 1.935810
TEPS for BFS 2 is 8.66605e+06
Validating BFS 2
Validate time for BFS 2 is 20.142412
Running BFS 3
Time for BFS 3 is 1.922629
TEPS for BFS 3 is 8.72546e+06
Validating BFS 3
Validate time for BFS 3 is 19.887896
Running BFS 4
Time for BFS 4 is 1.885957
TEPS for BFS 4 is 8.89512e+06
Validating BFS 4
Validate time for BFS 4 is 19.935527
Running BFS 5
Time for BFS 5 is 1.874115
TEPS for BFS 5 is 8.95133e+06
Validating BFS 5
Validate time for BFS 5 is 19.411609
Running BFS 6
Time for BFS 6 is 1.862741
TEPS for BFS 6 is 9.00599e+06
Validating BFS 6
Validate time for BFS 6 is 19.331340
Running BFS 7
Time for BFS 7 is 1.922405
TEPS for BFS 7 is 8.72648e+06
Validating BFS 7
Validate time for BFS 7 is 18.782779
Running BFS 8
Time for BFS 8 is 1.835459
TEPS for BFS 8 is 9.13985e+06
Validating BFS 8
Validate time for BFS 8 is 18.791936
Running BFS 9
Time for BFS 9 is 2.009817
TEPS for BFS 9 is 8.34694e+06
Validating BFS 9
Validate time for BFS 9 is 20.173861
Running BFS 10
Time for BFS 10 is 1.856417
TEPS for BFS 10 is 9.03666e+06
Validating BFS 10
Validate time for BFS 10 is 19.250505
Running BFS 11
Time for BFS 11 is 1.912974
TEPS for BFS 11 is 8.7695e+06
Validating BFS 11
Validate time for BFS 11 is 19.509366
Running BFS 12
Time for BFS 12 is 1.881001
TEPS for BFS 12 is 8.91856e+06
Validating BFS 12
Validate time for BFS 12 is 19.510823
Running BFS 13
Time for BFS 13 is 1.802359
TEPS for BFS 13 is 9.3077e+06
Validating BFS 13
Validate time for BFS 13 is 20.002227
Running BFS 14
Time for BFS 14 is 1.865044
TEPS for BFS 14 is 8.99487e+06
Validating BFS 14
Validate time for BFS 14 is 19.003456
Running BFS 15
Time for BFS 15 is 1.734394
TEPS for BFS 15 is 9.67244e+06
Validating BFS 15
Validate time for BFS 15 is 19.794470
Running BFS 16
Time for BFS 16 is 1.823442
TEPS for BFS 16 is 9.20008e+06
Validating BFS 16
Validate time for BFS 16 is 19.778862
Running BFS 17
Time for BFS 17 is 1.754455
TEPS for BFS 17 is 9.56184e+06
Validating BFS 17
Validate time for BFS 17 is 19.458097
Running BFS 18
Time for BFS 18 is 1.779735
TEPS for BFS 18 is 9.42602e+06
Validating BFS 18
Validate time for BFS 18 is 19.104776
Running BFS 19
Time for BFS 19 is 1.985475
TEPS for BFS 19 is 8.44927e+06
Validating BFS 19
Validate time for BFS 19 is 19.566824
Running BFS 20
Time for BFS 20 is 1.756694
TEPS for BFS 20 is 9.54965e+06
Validating BFS 20
Validate time for BFS 20 is 19.291074
Running BFS 21
Time for BFS 21 is 1.782539
TEPS for BFS 21 is 9.41119e+06
Validating BFS 21
Validate time for BFS 21 is 19.370666
Running BFS 22
Time for BFS 22 is 1.728277
TEPS for BFS 22 is 9.70667e+06
Validating BFS 22
Validate time for BFS 22 is 22.719979
Running BFS 23
Time for BFS 23 is 2.006270
TEPS for BFS 23 is 8.3617e+06
Validating BFS 23
Validate time for BFS 23 is 22.654174
Running BFS 24
Time for BFS 24 is 1.912424
TEPS for BFS 24 is 8.77202e+06
Validating BFS 24
Validate time for BFS 24 is 20.667655
Running BFS 25
Time for BFS 25 is 1.793991
TEPS for BFS 25 is 9.35112e+06
Validating BFS 25
Validate time for BFS 25 is 19.408167
Running BFS 26
Time for BFS 26 is 1.935425
TEPS for BFS 26 is 8.66777e+06
Validating BFS 26
Validate time for BFS 26 is 20.821481
Running BFS 27
Time for BFS 27 is 1.902443
TEPS for BFS 27 is 8.81804e+06
Validating BFS 27
Validate time for BFS 27 is 20.316636
Running BFS 28
Time for BFS 28 is 1.851415
TEPS for BFS 28 is 9.06108e+06
Validating BFS 28
Validate time for BFS 28 is 20.913741
Running BFS 29
Time for BFS 29 is 1.858781
TEPS for BFS 29 is 9.02517e+06
Validating BFS 29
Validate time for BFS 29 is 21.187537
Running BFS 30
Time for BFS 30 is 1.912722
TEPS for BFS 30 is 8.77065e+06
Validating BFS 30
Validate time for BFS 30 is 19.797228
Running BFS 31
Time for BFS 31 is 1.767065
TEPS for BFS 31 is 9.49361e+06
Validating BFS 31
Validate time for BFS 31 is 19.313247
Running BFS 32
Time for BFS 32 is 1.732246
TEPS for BFS 32 is 9.68443e+06
Validating BFS 32
Validate time for BFS 32 is 19.481657
Running BFS 33
Time for BFS 33 is 1.722450
TEPS for BFS 33 is 9.73951e+06
Validating BFS 33
Validate time for BFS 33 is 18.571585
Running BFS 34
Time for BFS 34 is 1.720292
TEPS for BFS 34 is 9.75173e+06
Validating BFS 34
Validate time for BFS 34 is 18.424417
Running BFS 35
Time for BFS 35 is 1.916906
TEPS for BFS 35 is 8.75151e+06
Validating BFS 35
Validate time for BFS 35 is 18.334334
Running BFS 36
Time for BFS 36 is 1.719301
TEPS for BFS 36 is 9.75735e+06
Validating BFS 36
Validate time for BFS 36 is 18.080236
Running BFS 37
Time for BFS 37 is 1.721822
TEPS for BFS 37 is 9.74306e+06
Validating BFS 37
Validate time for BFS 37 is 18.208644
Running BFS 38
Time for BFS 38 is 1.739763
TEPS for BFS 38 is 9.64259e+06
Validating BFS 38
Validate time for BFS 38 is 17.974692
Running BFS 39
Time for BFS 39 is 1.737907
TEPS for BFS 39 is 9.65289e+06
Validating BFS 39
Validate time for BFS 39 is 18.344352
Running BFS 40
Time for BFS 40 is 1.720427
TEPS for BFS 40 is 9.75096e+06
Validating BFS 40
Validate time for BFS 40 is 18.036970
Running BFS 41
Time for BFS 41 is 1.732822
TEPS for BFS 41 is 9.68121e+06
Validating BFS 41
Validate time for BFS 41 is 18.532393
Running BFS 42
Time for BFS 42 is 1.817435
TEPS for BFS 42 is 9.23049e+06
Validating BFS 42
Validate time for BFS 42 is 18.559147
Running BFS 43
Time for BFS 43 is 1.723402
TEPS for BFS 43 is 9.73413e+06
Validating BFS 43
Validate time for BFS 43 is 18.659714
Running BFS 44
Time for BFS 44 is 1.737844
TEPS for BFS 44 is 9.65323e+06
Validating BFS 44
Validate time for BFS 44 is 18.452172
Running BFS 45
Time for BFS 45 is 1.731653
TEPS for BFS 45 is 9.68775e+06
Validating BFS 45
Validate time for BFS 45 is 18.422496
Running BFS 46
Time for BFS 46 is 1.733427
TEPS for BFS 46 is 9.67783e+06
Validating BFS 46
Validate time for BFS 46 is 18.430893
Running BFS 47
Time for BFS 47 is 1.745802
TEPS for BFS 47 is 9.60924e+06
Validating BFS 47
Validate time for BFS 47 is 18.456398
Running BFS 48
Time for BFS 48 is 1.729981
TEPS for BFS 48 is 9.69711e+06
Validating BFS 48
Validate time for BFS 48 is 17.931764
Running BFS 49
Time for BFS 49 is 1.723398
TEPS for BFS 49 is 9.73415e+06
Validating BFS 49
Validate time for BFS 49 is 17.833025
Running BFS 50
Time for BFS 50 is 1.733089
TEPS for BFS 50 is 9.67972e+06
Validating BFS 50
Validate time for BFS 50 is 17.879516
Running BFS 51
Time for BFS 51 is 1.732016
TEPS for BFS 51 is 9.68572e+06
Validating BFS 51
Validate time for BFS 51 is 18.087658
Running BFS 52
Time for BFS 52 is 1.718652
TEPS for BFS 52 is 9.76103e+06
Validating BFS 52
Validate time for BFS 52 is 18.175835
Running BFS 53
Time for BFS 53 is 1.732492
TEPS for BFS 53 is 9.68306e+06
Validating BFS 53
Validate time for BFS 53 is 18.016799
Running BFS 54
Time for BFS 54 is 1.723168
TEPS for BFS 54 is 9.73545e+06
Validating BFS 54
Validate time for BFS 54 is 18.374464
Running BFS 55
Time for BFS 55 is 1.712258
TEPS for BFS 55 is 9.79748e+06
Validating BFS 55
Validate time for BFS 55 is 18.181228
Running BFS 56
Time for BFS 56 is 1.721666
TEPS for BFS 56 is 9.74394e+06
Validating BFS 56
Validate time for BFS 56 is 18.265724
Running BFS 57
Time for BFS 57 is 1.730749
TEPS for BFS 57 is 9.69281e+06
Validating BFS 57
Validate time for BFS 57 is 18.189035
Running BFS 58
Time for BFS 58 is 1.725849
TEPS for BFS 58 is 9.72033e+06
Validating BFS 58
Validate time for BFS 58 is 18.672926
Running BFS 59
Time for BFS 59 is 1.863274
TEPS for BFS 59 is 9.00341e+06
Validating BFS 59
Validate time for BFS 59 is 19.858938
Running BFS 60
Time for BFS 60 is 1.866339
TEPS for BFS 60 is 8.98863e+06
Validating BFS 60
Validate time for BFS 60 is 18.859212
Running BFS 61
Time for BFS 61 is 1.845953
TEPS for BFS 61 is 9.08789e+06
Validating BFS 61
Validate time for BFS 61 is 19.088436
Running BFS 62
Time for BFS 62 is 1.851029
TEPS for BFS 62 is 9.06297e+06
Validating BFS 62
Validate time for BFS 62 is 18.669619
Running BFS 63
Time for BFS 63 is 1.862347
TEPS for BFS 63 is 9.00789e+06
Validating BFS 63
Validate time for BFS 63 is 20.068062
SCALE:                          20
edgefactor:                     16
NBFS:                           64
graph_generation:               2.031e-06
num_mpi_processes:              1
construction_time:              19.0916
bfs  min_time:                  1.71226
bfs  firstquartile_time:        1.73183
bfs  median_time:               1.78826
bfs  thirdquartile_time:        1.87023
bfs  max_time:                  2.00982
bfs  mean_time:                 1.81114
bfs  stddev_time:               0.0874234
min_nedge:                      16775818
firstquartile_nedge:            16775818
median_nedge:                   16775818
thirdquartile_nedge:            16775818
max_nedge:                      16775818
mean_nedge:                     16775818
stddev_nedge:                   0
bfs  min_TEPS:                  8.34694e+06
bfs  firstquartile_TEPS:        8.96994e+06
bfs  median_TEPS:               9.38106e+06
bfs  thirdquartile_TEPS:        9.68673e+06
bfs  max_TEPS:                  9.79748e+06
bfs  harmonic_mean_TEPS:     !  9.26255e+06
bfs  harmonic_stddev_TEPS:      56329.4
bfs  min_validate:              17.833
bfs  firstquartile_validate:    18.3985
bfs  median_validate:           19.0966
bfs  thirdquartile_validate:    19.7958
bfs  max_validate:              22.72
bfs  mean_validate:             19.1926
bfs  stddev_validate:           1.04406
