[localhost:15720] opal_ifinit: ioctl(SIOCGIFHWADDR) failed with errno=13
[localhost:15720] pmix_ifinit: ioctl(SIOCGIFHWADDR) failed with errno=13
failed to open /dev/dri/renderD128: Permission denied
failed to open /dev/dri/renderD128: Permission denied
failed to open /dev/dri/renderD128: Permission denied
failed to open /dev/dri/renderD128: Permission denied
failed to open /dev/dri/renderD128: Permission denied
failed to open /dev/dri/renderD128: Permission denied
graph_generation:               0.000002 s
quotient: V=2097153 E=67105872 V/Q=1069627 E/Q=63368144 |V|/|V/Q|=1.960640 largest_class=852908 isolated=852908
  times: CSR 48.503480 sort 16.919621 fp 3.892286 classify 0.262992 quotientCSR 38.753000 (total 108.331379)
construction_time:              108.341909 s
[quotient] root 939160 qbfs=2.272434 recon=0.903210 visited=1243378/2097153 levels=7
Running BFS 0
[quotient] root 939160 qbfs=5.985879 recon=2.310809 visited=1243378/2097153 levels=7
Time for BFS 0 is 8.296971
TEPS for BFS 0 is 4.04395e+06
Validating BFS 0
Validate time for BFS 0 is 45.978457
Running BFS 1
[quotient] root 439573 qbfs=3.157249 recon=0.962147 visited=1243378/2097153 levels=7
Time for BFS 1 is 4.119493
TEPS for BFS 1 is 8.14481e+06
Validating BFS 1
Validate time for BFS 1 is 46.263379
Running BFS 2
[quotient] root 258062 qbfs=2.893408 recon=0.929854 visited=1243378/2097153 levels=7
Time for BFS 2 is 3.823360
TEPS for BFS 2 is 8.77566e+06
Validating BFS 2
Validate time for BFS 2 is 45.807457
Running BFS 3
[quotient] root 1979356 qbfs=3.540490 recon=0.838713 visited=1243378/2097153 levels=6
Time for BFS 3 is 4.379266
TEPS for BFS 3 is 7.66167e+06
Validating BFS 3
Validate time for BFS 3 is 44.290172
Running BFS 4
[quotient] root 953878 qbfs=3.170605 recon=0.915384 visited=1243378/2097153 levels=6
Time for BFS 4 is 4.086067
TEPS for BFS 4 is 8.21144e+06
Validating BFS 4
Validate time for BFS 4 is 45.233938
Running BFS 5
[quotient] root 1738116 qbfs=2.481801 recon=0.950739 visited=1243378/2097153 levels=6
Time for BFS 5 is 3.432682
TEPS for BFS 5 is 9.77443e+06
Validating BFS 5
Validate time for BFS 5 is 42.573723
Running BFS 6
[quotient] root 484124 qbfs=3.553386 recon=0.937052 visited=1243378/2097153 levels=7
Time for BFS 6 is 4.490549
TEPS for BFS 6 is 7.4718e+06
Validating BFS 6
Validate time for BFS 6 is 42.515812
Running BFS 7
[quotient] root 902485 qbfs=2.557892 recon=0.885840 visited=1243378/2097153 levels=7
Time for BFS 7 is 3.443838
TEPS for BFS 7 is 9.74276e+06
Validating BFS 7
Validate time for BFS 7 is 42.919305
Running BFS 8
[quotient] root 238977 qbfs=2.300897 recon=0.884272 visited=1243378/2097153 levels=7
Time for BFS 8 is 3.185299
TEPS for BFS 8 is 1.05335e+07
Validating BFS 8
Validate time for BFS 8 is 41.643662
Running BFS 9
[quotient] root 1421043 qbfs=2.294639 recon=0.884505 visited=1243378/2097153 levels=7
Time for BFS 9 is 3.179263
TEPS for BFS 9 is 1.05535e+07
Validating BFS 9
Validate time for BFS 9 is 41.615470
Running BFS 10
[quotient] root 335162 qbfs=2.274860 recon=0.860533 visited=1243378/2097153 levels=7
Time for BFS 10 is 3.135533
TEPS for BFS 10 is 1.07007e+07
Validating BFS 10
Validate time for BFS 10 is 41.889905
Running BFS 11
[quotient] root 269810 qbfs=2.130199 recon=0.883653 visited=1243378/2097153 levels=6
Time for BFS 11 is 3.013975
TEPS for BFS 11 is 1.11323e+07
Validating BFS 11
Validate time for BFS 11 is 44.630005
Running BFS 12
[quotient] root 2009272 qbfs=2.374799 recon=0.899973 visited=1243378/2097153 levels=6
Time for BFS 12 is 3.274895
TEPS for BFS 12 is 1.02454e+07
Validating BFS 12
Validate time for BFS 12 is 43.425493
Running BFS 13
[quotient] root 547280 qbfs=2.820917 recon=0.900403 visited=1243378/2097153 levels=7
Time for BFS 13 is 3.721439
TEPS for BFS 13 is 9.016e+06
Validating BFS 13
Validate time for BFS 13 is 45.268157
Running BFS 14
[quotient] root 373504 qbfs=4.710294 recon=0.957666 visited=1243378/2097153 levels=6
Time for BFS 14 is 5.668256
TEPS for BFS 14 is 5.91937e+06
Validating BFS 14
Validate time for BFS 14 is 47.241595
Running BFS 15
[quotient] root 131392 qbfs=2.810584 recon=0.859509 visited=1243378/2097153 levels=7
Time for BFS 15 is 3.670255
TEPS for BFS 15 is 9.14174e+06
Validating BFS 15
Validate time for BFS 15 is 44.520432
Running BFS 16
[quotient] root 85403 qbfs=3.313609 recon=0.861857 visited=1243378/2097153 levels=7
Time for BFS 16 is 4.175552
TEPS for BFS 16 is 8.03546e+06
Validating BFS 16
Validate time for BFS 16 is 44.000278
Running BFS 17
[quotient] root 1167514 qbfs=2.926184 recon=0.882043 visited=1243378/2097153 levels=6
Time for BFS 17 is 3.808337
TEPS for BFS 17 is 8.81028e+06
Validating BFS 17
Validate time for BFS 17 is 43.651564
Running BFS 18
[quotient] root 1923753 qbfs=2.549397 recon=0.922968 visited=1243378/2097153 levels=7
Time for BFS 18 is 3.472492
TEPS for BFS 18 is 9.66237e+06
Validating BFS 18
Validate time for BFS 18 is 43.252821
Running BFS 19
[quotient] root 403986 qbfs=2.280709 recon=0.849751 visited=1243378/2097153 levels=7
Time for BFS 19 is 3.130581
TEPS for BFS 19 is 1.07177e+07
Validating BFS 19
Validate time for BFS 19 is 44.168041
Running BFS 20
[quotient] root 1285718 qbfs=3.035045 recon=0.858231 visited=1243378/2097153 levels=7
Time for BFS 20 is 3.893402
TEPS for BFS 20 is 8.61778e+06
Validating BFS 20
Validate time for BFS 20 is 43.416831
Running BFS 21
[quotient] root 1456076 qbfs=2.608603 recon=0.898916 visited=1243378/2097153 levels=7
Time for BFS 21 is 3.507649
TEPS for BFS 21 is 9.56552e+06
Validating BFS 21
Validate time for BFS 21 is 42.673279
Running BFS 22
[quotient] root 1756177 qbfs=2.241532 recon=0.885180 visited=1243378/2097153 levels=7
Time for BFS 22 is 3.126840
TEPS for BFS 22 is 1.07305e+07
Validating BFS 22
Validate time for BFS 22 is 42.306158
Running BFS 23
[quotient] root 2083642 qbfs=2.407329 recon=0.908513 visited=1243378/2097153 levels=7
Time for BFS 23 is 3.315971
TEPS for BFS 23 is 1.01185e+07
Validating BFS 23
Validate time for BFS 23 is 42.249579
Running BFS 24
[quotient] root 632410 qbfs=2.277028 recon=0.877781 visited=1243378/2097153 levels=6
Time for BFS 24 is 3.154926
TEPS for BFS 24 is 1.0635e+07
Validating BFS 24
Validate time for BFS 24 is 42.468908
Running BFS 25
[quotient] root 1801117 qbfs=2.149893 recon=0.891087 visited=1243378/2097153 levels=6
Time for BFS 25 is 3.041131
TEPS for BFS 25 is 1.10329e+07
Validating BFS 25
Validate time for BFS 25 is 47.778131
Running BFS 26
[quotient] root 440150 qbfs=3.244362 recon=0.855592 visited=1243378/2097153 levels=7
Time for BFS 26 is 4.100042
TEPS for BFS 26 is 8.18345e+06
Validating BFS 26
Validate time for BFS 26 is 45.175486
Running BFS 27
[quotient] root 1394640 qbfs=2.585417 recon=0.941335 visited=1243378/2097153 levels=7
Time for BFS 27 is 3.526881
TEPS for BFS 27 is 9.51336e+06
Validating BFS 27
Validate time for BFS 27 is 43.711534
Running BFS 28
[quotient] root 72767 qbfs=2.453363 recon=0.897487 visited=1243378/2097153 levels=7
Time for BFS 28 is 3.350951
TEPS for BFS 28 is 1.00128e+07
Validating BFS 28
Validate time for BFS 28 is 43.218634
Running BFS 29
[quotient] root 363527 qbfs=2.391179 recon=0.844327 visited=1243378/2097153 levels=7
Time for BFS 29 is 3.235625
TEPS for BFS 29 is 1.03697e+07
Validating BFS 29
Validate time for BFS 29 is 45.014497
Running BFS 30
[quotient] root 1089491 qbfs=3.006054 recon=0.919664 visited=1243378/2097153 levels=7
Time for BFS 30 is 3.925836
TEPS for BFS 30 is 8.54659e+06
Validating BFS 30
Validate time for BFS 30 is 48.944607
Running BFS 31
[quotient] root 1136669 qbfs=3.867583 recon=0.993193 visited=1243378/2097153 levels=6
Time for BFS 31 is 4.860949
TEPS for BFS 31 is 6.90246e+06
Validating BFS 31
Validate time for BFS 31 is 52.280859
Running BFS 32
[quotient] root 1671267 qbfs=4.976622 recon=1.041693 visited=1243378/2097153 levels=6
Time for BFS 32 is 6.018447
TEPS for BFS 32 is 5.57494e+06
Validating BFS 32
Validate time for BFS 32 is 53.775463
Running BFS 33
[quotient] root 1818739 qbfs=4.127110 recon=0.957006 visited=1243378/2097153 levels=6
Time for BFS 33 is 5.084236
TEPS for BFS 33 is 6.59932e+06
Validating BFS 33
Validate time for BFS 33 is 69.857650
Running BFS 34
[quotient] root 1691134 qbfs=6.983925 recon=1.466892 visited=1243378/2097153 levels=6
Time for BFS 34 is 8.451109
TEPS for BFS 34 is 3.97019e+06
Validating BFS 34
Validate time for BFS 34 is 79.576505
Running BFS 35
[quotient] root 354320 qbfs=8.480784 recon=1.652924 visited=1243378/2097153 levels=7
Time for BFS 35 is 10.133876
TEPS for BFS 35 is 3.31092e+06
Validating BFS 35
Validate time for BFS 35 is 89.828963
Running BFS 36
[quotient] root 1788467 qbfs=10.202455 recon=1.943501 visited=1243378/2097153 levels=7
Time for BFS 36 is 12.146161
TEPS for BFS 36 is 2.7624e+06
Validating BFS 36
Validate time for BFS 36 is 98.138274
Running BFS 37
[quotient] root 1873600 qbfs=11.618723 recon=1.893818 visited=1243378/2097153 levels=7
Time for BFS 37 is 13.512770
TEPS for BFS 37 is 2.48302e+06
Validating BFS 37
Validate time for BFS 37 is 99.215377
Running BFS 38
[quotient] root 783819 qbfs=11.177496 recon=2.032703 visited=1243378/2097153 levels=6
Time for BFS 38 is 13.210405
TEPS for BFS 38 is 2.53985e+06
Validating BFS 38
Validate time for BFS 38 is 100.116905
Running BFS 39
[quotient] root 602492 qbfs=9.823833 recon=1.869764 visited=1243378/2097153 levels=6
Time for BFS 39 is 11.693802
TEPS for BFS 39 is 2.86926e+06
Validating BFS 39
Validate time for BFS 39 is 103.785921
Running BFS 40
[quotient] root 605046 qbfs=9.774166 recon=1.673308 visited=1243378/2097153 levels=7
Time for BFS 40 is 11.447642
TEPS for BFS 40 is 2.93095e+06
Validating BFS 40
Validate time for BFS 40 is 94.643730
Running BFS 41
[quotient] root 890952 qbfs=10.107945 recon=1.855864 visited=1243378/2097153 levels=7
Time for BFS 41 is 11.963974
TEPS for BFS 41 is 2.80446e+06
Validating BFS 41
Validate time for BFS 41 is 100.699391
Running BFS 42
[quotient] root 749014 qbfs=10.193866 recon=1.658013 visited=1243378/2097153 levels=7
Time for BFS 42 is 11.852078
TEPS for BFS 42 is 2.83094e+06
Validating BFS 42
Validate time for BFS 42 is 94.285366
Running BFS 43
[quotient] root 685321 qbfs=11.776783 recon=1.927536 visited=1243378/2097153 levels=6
Time for BFS 43 is 13.704520
TEPS for BFS 43 is 2.44828e+06
Validating BFS 43
Validate time for BFS 43 is 106.696314
Running BFS 44
[quotient] root 1964467 qbfs=10.487999 recon=1.958303 visited=1243378/2097153 levels=7
Time for BFS 44 is 12.446491
TEPS for BFS 44 is 2.69574e+06
Validating BFS 44
Validate time for BFS 44 is 100.836705
Running BFS 45
[quotient] root 1195616 qbfs=10.845673 recon=2.060459 visited=1243378/2097153 levels=7
Time for BFS 45 is 12.906618
TEPS for BFS 45 is 2.59964e+06
Validating BFS 45
Validate time for BFS 45 is 96.557594
Running BFS 46
[quotient] root 1032698 qbfs=11.931135 recon=1.900733 visited=1243378/2097153 levels=7
Time for BFS 46 is 13.832047
TEPS for BFS 46 is 2.42571e+06
Validating BFS 46
Validate time for BFS 46 is 108.114478
Running BFS 47
[quotient] root 621650 qbfs=10.424159 recon=2.397043 visited=1243378/2097153 levels=7
Time for BFS 47 is 12.821784
TEPS for BFS 47 is 2.61684e+06
Validating BFS 47
Validate time for BFS 47 is 98.301980
Running BFS 48
[quotient] root 1406348 qbfs=10.085933 recon=1.933819 visited=1243378/2097153 levels=7
Time for BFS 48 is 12.019908
TEPS for BFS 48 is 2.79141e+06
Validating BFS 48
Validate time for BFS 48 is 101.622605
Running BFS 49
[quotient] root 1146371 qbfs=9.298837 recon=1.862797 visited=1243378/2097153 levels=7
Time for BFS 49 is 11.161876
TEPS for BFS 49 is 3.00599e+06
Validating BFS 49
Validate time for BFS 49 is 102.484227
Running BFS 50
[quotient] root 1607566 qbfs=10.776028 recon=2.054426 visited=1243378/2097153 levels=7
Time for BFS 50 is 12.830667
TEPS for BFS 50 is 2.61502e+06
Validating BFS 50
Validate time for BFS 50 is 103.416886
Running BFS 51
[quotient] root 1823179 qbfs=9.933525 recon=1.610634 visited=1243378/2097153 levels=7
Time for BFS 51 is 11.544379
TEPS for BFS 51 is 2.90639e+06
Validating BFS 51
Validate time for BFS 51 is 101.102679
Running BFS 52
[quotient] root 547959 qbfs=11.637706 recon=2.118404 visited=1243378/2097153 levels=7
Time for BFS 52 is 13.756447
TEPS for BFS 52 is 2.43904e+06
Validating BFS 52
Validate time for BFS 52 is 120.803599
Running BFS 53
[quotient] root 1756577 qbfs=10.738945 recon=1.847068 visited=1243378/2097153 levels=7
Time for BFS 53 is 12.592914
TEPS for BFS 53 is 2.6644e+06
Validating BFS 53
Validate time for BFS 53 is 100.945700
Running BFS 54
[quotient] root 530942 qbfs=10.923882 recon=1.787046 visited=1243378/2097153 levels=7
Time for BFS 54 is 12.711123
TEPS for BFS 54 is 2.63962e+06
Validating BFS 54
Validate time for BFS 54 is 96.702686
Running BFS 55
[quotient] root 909463 qbfs=9.973929 recon=2.000320 visited=1243378/2097153 levels=7
Time for BFS 55 is 11.974459
TEPS for BFS 55 is 2.80201e+06
Validating BFS 55
Validate time for BFS 55 is 98.154853
Running BFS 56
[quotient] root 552885 qbfs=10.441519 recon=1.959579 visited=1243378/2097153 levels=6
Time for BFS 56 is 12.401349
TEPS for BFS 56 is 2.70555e+06
Validating BFS 56
Validate time for BFS 56 is 95.006034
Running BFS 57
[quotient] root 1032563 qbfs=9.662156 recon=1.827940 visited=1243378/2097153 levels=7
Time for BFS 57 is 11.490304
TEPS for BFS 57 is 2.92007e+06
Validating BFS 57
Validate time for BFS 57 is 104.680466
Running BFS 58
[quotient] root 1790444 qbfs=10.092786 recon=1.833753 visited=1243378/2097153 levels=7
Time for BFS 58 is 11.926752
TEPS for BFS 58 is 2.81321e+06
Validating BFS 58
Validate time for BFS 58 is 110.667597
Running BFS 59
[quotient] root 1697681 qbfs=12.495372 recon=1.770397 visited=1243378/2097153 levels=6
Time for BFS 59 is 14.266550
TEPS for BFS 59 is 2.35183e+06
Validating BFS 59
Validate time for BFS 59 is 107.160617
Running BFS 60
[quotient] root 2070916 qbfs=16.417005 recon=2.156378 visited=1243378/2097153 levels=7
Time for BFS 60 is 18.573817
TEPS for BFS 60 is 1.80644e+06
Validating BFS 60
Validate time for BFS 60 is 90.307900
Running BFS 61
[quotient] root 200474 qbfs=9.272509 recon=1.756329 visited=1243378/2097153 levels=6
Time for BFS 61 is 11.030229
TEPS for BFS 61 is 3.04187e+06
Validating BFS 61
Validate time for BFS 61 is 93.579459
Running BFS 62
[quotient] root 92376 qbfs=15.722934 recon=4.335171 visited=1243378/2097153 levels=6
Time for BFS 62 is 20.058680
TEPS for BFS 62 is 1.67272e+06
Validating BFS 62
Validate time for BFS 62 is 92.765282
Running BFS 63
[quotient] root 1209137 qbfs=9.656530 recon=1.999170 visited=1243378/2097153 levels=6
Time for BFS 63 is 11.655880
TEPS for BFS 63 is 2.87859e+06
Validating BFS 63
Validate time for BFS 63 is 100.770534
SCALE:                          21
edgefactor:                     16
NBFS:                           64
graph_generation:               2.343e-06
num_mpi_processes:              1
construction_time:              108.342
bfs  min_time:                  3.01398
bfs  firstquartile_time:        3.51726
bfs  median_time:               5.84335
bfs  thirdquartile_time:        12.083
bfs  max_time:                  20.0587
bfs  mean_time:                 8.02765
bfs  stddev_time:               4.69682
min_nedge:                      33552502
firstquartile_nedge:            33552502
median_nedge:                   33552502
thirdquartile_nedge:            33552502
max_nedge:                      33552502
mean_nedge:                     33552502
stddev_nedge:                   0
bfs  min_TEPS:                  1.67272e+06
bfs  firstquartile_TEPS:        2.77683e+06
bfs  median_TEPS:               5.742e+06
bfs  thirdquartile_TEPS:        9.53937e+06
bfs  max_TEPS:                  1.11323e+07
bfs  harmonic_mean_TEPS:     !  4.17962e+06
bfs  harmonic_stddev_TEPS:      308093
bfs  min_validate:              41.6155
bfs  firstquartile_validate:    43.8559
bfs  median_validate:           53.0282
bfs  thirdquartile_validate:    99.6661
bfs  max_validate:              120.804
bfs  mean_validate:             70.8552
bfs  stddev_validate:           28.0142
