[localhost:32583] opal_ifinit: ioctl(SIOCGIFHWADDR) failed with errno=13
[localhost:32583] pmix_ifinit: ioctl(SIOCGIFHWADDR) failed with errno=13
failed to open /dev/dri/renderD128: Permission denied
failed to open /dev/dri/renderD128: Permission denied
failed to open /dev/dri/renderD128: Permission denied
failed to open /dev/dri/renderD128: Permission denied
failed to open /dev/dri/renderD128: Permission denied
failed to open /dev/dri/renderD128: Permission denied
graph_generation:               14.611320 s
construction_time:              3.770258 s
Running BFS 0
Time for BFS 0 is 0.431756
TEPS for BFS 0 is 9.71259e+06
Validating BFS 0
Validate time for BFS 0 is 3.821626
Running BFS 1
Time for BFS 1 is 0.428449
TEPS for BFS 1 is 9.78757e+06
Validating BFS 1
Validate time for BFS 1 is 3.398896
Running BFS 2
Time for BFS 2 is 0.392714
TEPS for BFS 2 is 1.06782e+07
Validating BFS 2
Validate time for BFS 2 is 2.996953
Running BFS 3
Time for BFS 3 is 0.392123
TEPS for BFS 3 is 1.06943e+07
Validating BFS 3
Validate time for BFS 3 is 2.923446
Running BFS 4
Time for BFS 4 is 0.396533
TEPS for BFS 4 is 1.05753e+07
Validating BFS 4
Validate time for BFS 4 is 3.716031
Running BFS 5
Time for BFS 5 is 0.399423
TEPS for BFS 5 is 1.04988e+07
Validating BFS 5
Validate time for BFS 5 is 3.472590
Running BFS 6
Time for BFS 6 is 0.482608
TEPS for BFS 6 is 8.68918e+06
Validating BFS 6
Validate time for BFS 6 is 3.827505
Running BFS 7
Time for BFS 7 is 0.424227
TEPS for BFS 7 is 9.88496e+06
Validating BFS 7
Validate time for BFS 7 is 3.746140
Running BFS 8
Time for BFS 8 is 0.397918
TEPS for BFS 8 is 1.05385e+07
Validating BFS 8
Validate time for BFS 8 is 3.346471
Running BFS 9
Time for BFS 9 is 0.414127
TEPS for BFS 9 is 1.01261e+07
Validating BFS 9
Validate time for BFS 9 is 4.710222
Running BFS 10
Time for BFS 10 is 0.425383
TEPS for BFS 10 is 9.8581e+06
Validating BFS 10
Validate time for BFS 10 is 3.661373
Running BFS 11
Time for BFS 11 is 0.392200
TEPS for BFS 11 is 1.06922e+07
Validating BFS 11
Validate time for BFS 11 is 2.967669
Running BFS 12
Time for BFS 12 is 0.420399
TEPS for BFS 12 is 9.97498e+06
Validating BFS 12
Validate time for BFS 12 is 3.539759
Running BFS 13
Time for BFS 13 is 0.392302
TEPS for BFS 13 is 1.06894e+07
Validating BFS 13
Validate time for BFS 13 is 3.415155
Running BFS 14
Time for BFS 14 is 0.409987
TEPS for BFS 14 is 1.02283e+07
Validating BFS 14
Validate time for BFS 14 is 3.114701
Running BFS 15
Time for BFS 15 is 0.396921
TEPS for BFS 15 is 1.0565e+07
Validating BFS 15
Validate time for BFS 15 is 3.528300
Running BFS 16
Time for BFS 16 is 0.408558
TEPS for BFS 16 is 1.02641e+07
Validating BFS 16
Validate time for BFS 16 is 3.593940
Running BFS 17
Time for BFS 17 is 0.406721
TEPS for BFS 17 is 1.03104e+07
Validating BFS 17
Validate time for BFS 17 is 3.436103
Running BFS 18
Time for BFS 18 is 0.410345
TEPS for BFS 18 is 1.02194e+07
Validating BFS 18
Validate time for BFS 18 is 3.474454
Running BFS 19
Time for BFS 19 is 0.418793
TEPS for BFS 19 is 1.00132e+07
Validating BFS 19
Validate time for BFS 19 is 3.423685
Running BFS 20
Time for BFS 20 is 0.390954
TEPS for BFS 20 is 1.07263e+07
Validating BFS 20
Validate time for BFS 20 is 3.191002
Running BFS 21
Time for BFS 21 is 0.417286
TEPS for BFS 21 is 1.00494e+07
Validating BFS 21
Validate time for BFS 21 is 4.292131
Running BFS 22
Time for BFS 22 is 0.563441
TEPS for BFS 22 is 7.44261e+06
Validating BFS 22
Validate time for BFS 22 is 3.522934
Running BFS 23
Time for BFS 23 is 0.429740
TEPS for BFS 23 is 9.75815e+06
Validating BFS 23
Validate time for BFS 23 is 3.636158
Running BFS 24
Time for BFS 24 is 0.412876
TEPS for BFS 24 is 1.01567e+07
Validating BFS 24
Validate time for BFS 24 is 3.421783
Running BFS 25
Time for BFS 25 is 0.428257
TEPS for BFS 25 is 9.79196e+06
Validating BFS 25
Validate time for BFS 25 is 3.109853
Running BFS 26
Time for BFS 26 is 0.392672
TEPS for BFS 26 is 1.06793e+07
Validating BFS 26
Validate time for BFS 26 is 3.137221
Running BFS 27
Time for BFS 27 is 0.391806
TEPS for BFS 27 is 1.07029e+07
Validating BFS 27
Validate time for BFS 27 is 3.101290
Running BFS 28
Time for BFS 28 is 0.396314
TEPS for BFS 28 is 1.05812e+07
Validating BFS 28
Validate time for BFS 28 is 3.280944
Running BFS 29
Time for BFS 29 is 0.394922
TEPS for BFS 29 is 1.06185e+07
Validating BFS 29
Validate time for BFS 29 is 3.030229
Running BFS 30
Time for BFS 30 is 0.420494
TEPS for BFS 30 is 9.97272e+06
Validating BFS 30
Validate time for BFS 30 is 3.981115
Running BFS 31
Time for BFS 31 is 0.568332
TEPS for BFS 31 is 7.37856e+06
Validating BFS 31
Validate time for BFS 31 is 3.712853
Running BFS 32
Time for BFS 32 is 0.410331
TEPS for BFS 32 is 1.02197e+07
Validating BFS 32
Validate time for BFS 32 is 4.089750
Running BFS 33
Time for BFS 33 is 0.400765
TEPS for BFS 33 is 1.04637e+07
Validating BFS 33
Validate time for BFS 33 is 4.033891
Running BFS 34
Time for BFS 34 is 0.449179
TEPS for BFS 34 is 9.33586e+06
Validating BFS 34
Validate time for BFS 34 is 3.984503
Running BFS 35
Time for BFS 35 is 0.424343
TEPS for BFS 35 is 9.88227e+06
Validating BFS 35
Validate time for BFS 35 is 3.868194
Running BFS 36
Time for BFS 36 is 0.430545
TEPS for BFS 36 is 9.73991e+06
Validating BFS 36
Validate time for BFS 36 is 4.007274
Running BFS 37
Time for BFS 37 is 0.451122
TEPS for BFS 37 is 9.29566e+06
Validating BFS 37
Validate time for BFS 37 is 4.236700
Running BFS 38
Time for BFS 38 is 0.463624
TEPS for BFS 38 is 9.04499e+06
Validating BFS 38
Validate time for BFS 38 is 5.177525
Running BFS 39
Time for BFS 39 is 0.558649
TEPS for BFS 39 is 7.50645e+06
Validating BFS 39
Validate time for BFS 39 is 5.844160
Running BFS 40
Time for BFS 40 is 0.846420
TEPS for BFS 40 is 4.95436e+06
Validating BFS 40
Validate time for BFS 40 is 6.766772
Running BFS 41
Time for BFS 41 is 0.663929
TEPS for BFS 41 is 6.31614e+06
Validating BFS 41
Validate time for BFS 41 is 8.475684
Running BFS 42
Time for BFS 42 is 0.949791
TEPS for BFS 42 is 4.41515e+06
Validating BFS 42
Validate time for BFS 42 is 8.340816
Running BFS 43
Time for BFS 43 is 0.495821
TEPS for BFS 43 is 8.45764e+06
Validating BFS 43
Validate time for BFS 43 is 6.411006
Running BFS 44
Time for BFS 44 is 0.769369
TEPS for BFS 44 is 5.45053e+06
Validating BFS 44
Validate time for BFS 44 is 7.340184
Running BFS 45
Time for BFS 45 is 0.606623
TEPS for BFS 45 is 6.91281e+06
Validating BFS 45
Validate time for BFS 45 is 5.561718
Running BFS 46
Time for BFS 46 is 0.502784
TEPS for BFS 46 is 8.34051e+06
Validating BFS 46
Validate time for BFS 46 is 3.922420
Running BFS 47
Time for BFS 47 is 0.431747
TEPS for BFS 47 is 9.71279e+06
Validating BFS 47
Validate time for BFS 47 is 4.105398
Running BFS 48
Time for BFS 48 is 0.460479
TEPS for BFS 48 is 9.10676e+06
Validating BFS 48
Validate time for BFS 48 is 3.617238
Running BFS 49
Time for BFS 49 is 0.424120
TEPS for BFS 49 is 9.88746e+06
Validating BFS 49
Validate time for BFS 49 is 3.226734
Running BFS 50
Time for BFS 50 is 0.431319
TEPS for BFS 50 is 9.72243e+06
Validating BFS 50
Validate time for BFS 50 is 3.639528
Running BFS 51
Time for BFS 51 is 0.424352
TEPS for BFS 51 is 9.88206e+06
Validating BFS 51
Validate time for BFS 51 is 3.901642
Running BFS 52
Time for BFS 52 is 0.435661
TEPS for BFS 52 is 9.62553e+06
Validating BFS 52
Validate time for BFS 52 is 3.723265
Running BFS 53
Time for BFS 53 is 0.448542
TEPS for BFS 53 is 9.34911e+06
Validating BFS 53
Validate time for BFS 53 is 3.814150
Running BFS 54
Time for BFS 54 is 0.452704
TEPS for BFS 54 is 9.26316e+06
Validating BFS 54
Validate time for BFS 54 is 3.557587
Running BFS 55
Time for BFS 55 is 0.453087
TEPS for BFS 55 is 9.25533e+06
Validating BFS 55
Validate time for BFS 55 is 3.784101
Running BFS 56
Time for BFS 56 is 0.436012
TEPS for BFS 56 is 9.6178e+06
Validating BFS 56
Validate time for BFS 56 is 3.681991
Running BFS 57
Time for BFS 57 is 0.433161
TEPS for BFS 57 is 9.6811e+06
Validating BFS 57
Validate time for BFS 57 is 3.976123
Running BFS 58
Time for BFS 58 is 0.426462
TEPS for BFS 58 is 9.83317e+06
Validating BFS 58
Validate time for BFS 58 is 4.165530
Running BFS 59
Time for BFS 59 is 0.443356
TEPS for BFS 59 is 9.45848e+06
Validating BFS 59
Validate time for BFS 59 is 3.801467
Running BFS 60
Time for BFS 60 is 0.464567
TEPS for BFS 60 is 9.02663e+06
Validating BFS 60
Validate time for BFS 60 is 3.483137
Running BFS 61
Time for BFS 61 is 0.435853
TEPS for BFS 61 is 9.6213e+06
Validating BFS 61
Validate time for BFS 61 is 3.702513
Running BFS 62
Time for BFS 62 is 0.420347
TEPS for BFS 62 is 9.97623e+06
Validating BFS 62
Validate time for BFS 62 is 3.776360
Running BFS 63
Time for BFS 63 is 0.414095
TEPS for BFS 63 is 1.01268e+07
Validating BFS 63
Validate time for BFS 63 is 3.283864
Running SSSP 0
Time for SSSP 0 is 1.432463
TEPS for SSSP 0 is 2.92746e+06
Validating SSSP 0
Validate time for SSSP 0 is 1.933740
Running SSSP 1
Time for SSSP 1 is 1.207616
TEPS for SSSP 1 is 3.47252e+06
Validating SSSP 1
Validate time for SSSP 1 is 2.303831
Running SSSP 2
Time for SSSP 2 is 1.612706
TEPS for SSSP 2 is 2.60027e+06
Validating SSSP 2
Validate time for SSSP 2 is 1.983123
Running SSSP 3
Time for SSSP 3 is 1.698955
TEPS for SSSP 3 is 2.46827e+06
Validating SSSP 3
Validate time for SSSP 3 is 2.421349
Running SSSP 4
Time for SSSP 4 is 1.836051
TEPS for SSSP 4 is 2.28396e+06
Validating SSSP 4
Validate time for SSSP 4 is 2.491152
Running SSSP 5
Time for SSSP 5 is 2.250209
TEPS for SSSP 5 is 1.86359e+06
Validating SSSP 5
Validate time for SSSP 5 is 2.347094
Running SSSP 6
Time for SSSP 6 is 2.109788
TEPS for SSSP 6 is 1.98763e+06
Validating SSSP 6
Validate time for SSSP 6 is 2.395891
Running SSSP 7
Time for SSSP 7 is 2.077729
TEPS for SSSP 7 is 2.0183e+06
Validating SSSP 7
Validate time for SSSP 7 is 2.082723
Running SSSP 8
Time for SSSP 8 is 1.359421
TEPS for SSSP 8 is 3.08475e+06
Validating SSSP 8
Validate time for SSSP 8 is 2.210783
Running SSSP 9
Time for SSSP 9 is 1.278888
TEPS for SSSP 9 is 3.279e+06
Validating SSSP 9
Validate time for SSSP 9 is 2.162180
Running SSSP 10
Time for SSSP 10 is 2.034784
TEPS for SSSP 10 is 2.06089e+06
Validating SSSP 10
Validate time for SSSP 10 is 2.091607
Running SSSP 11
Time for SSSP 11 is 1.881340
TEPS for SSSP 11 is 2.22898e+06
Validating SSSP 11
Validate time for SSSP 11 is 2.282950
Running SSSP 12
Time for SSSP 12 is 1.891136
TEPS for SSSP 12 is 2.21744e+06
Validating SSSP 12
Validate time for SSSP 12 is 2.278531
Running SSSP 13
Time for SSSP 13 is 1.680822
TEPS for SSSP 13 is 2.49489e+06
Validating SSSP 13
Validate time for SSSP 13 is 2.175506
Running SSSP 14
Time for SSSP 14 is 1.835391
TEPS for SSSP 14 is 2.28478e+06
Validating SSSP 14
Validate time for SSSP 14 is 2.471178
Running SSSP 15
Time for SSSP 15 is 1.493196
TEPS for SSSP 15 is 2.80839e+06
Validating SSSP 15
Validate time for SSSP 15 is 2.502210
Running SSSP 16
Time for SSSP 16 is 1.769048
TEPS for SSSP 16 is 2.37047e+06
Validating SSSP 16
Validate time for SSSP 16 is 2.334667
Running SSSP 17
Time for SSSP 17 is 2.400027
TEPS for SSSP 17 is 1.74726e+06
Validating SSSP 17
Validate time for SSSP 17 is 2.690200
Running SSSP 18
Time for SSSP 18 is 1.642818
TEPS for SSSP 18 is 2.55261e+06
Validating SSSP 18
Validate time for SSSP 18 is 2.646931
Running SSSP 19
Time for SSSP 19 is 1.914399
TEPS for SSSP 19 is 2.19049e+06
Validating SSSP 19
Validate time for SSSP 19 is 2.609640
Running SSSP 20
Time for SSSP 20 is 1.716908
TEPS for SSSP 20 is 2.44246e+06
Validating SSSP 20
Validate time for SSSP 20 is 2.480214
Running SSSP 21
Time for SSSP 21 is 2.037753
TEPS for SSSP 21 is 2.05789e+06
Validating SSSP 21
Validate time for SSSP 21 is 2.542291
Running SSSP 22
Time for SSSP 22 is 1.667135
TEPS for SSSP 22 is 2.51538e+06
Validating SSSP 22
Validate time for SSSP 22 is 2.417091
Running SSSP 23
Time for SSSP 23 is 2.249994
TEPS for SSSP 23 is 1.86377e+06
Validating SSSP 23
Validate time for SSSP 23 is 2.640379
Running SSSP 24
Time for SSSP 24 is 1.684199
TEPS for SSSP 24 is 2.48989e+06
Validating SSSP 24
Validate time for SSSP 24 is 2.662584
Running SSSP 25
Time for SSSP 25 is 1.883284
TEPS for SSSP 25 is 2.22668e+06
Validating SSSP 25
Validate time for SSSP 25 is 2.452972
Running SSSP 26
Time for SSSP 26 is 2.300921
TEPS for SSSP 26 is 1.82252e+06
Validating SSSP 26
Validate time for SSSP 26 is 2.677914
Running SSSP 27
Time for SSSP 27 is 1.941384
TEPS for SSSP 27 is 2.16004e+06
Validating SSSP 27
Validate time for SSSP 27 is 2.185293
Running SSSP 28
Time for SSSP 28 is 1.555448
TEPS for SSSP 28 is 2.69599e+06
Validating SSSP 28
Validate time for SSSP 28 is 2.189506
Running SSSP 29
Time for SSSP 29 is 1.748813
TEPS for SSSP 29 is 2.3979e+06
Validating SSSP 29
Validate time for SSSP 29 is 2.289490
Running SSSP 30
Time for SSSP 30 is 1.755638
TEPS for SSSP 30 is 2.38857e+06
Validating SSSP 30
Validate time for SSSP 30 is 2.446280
Running SSSP 31
Time for SSSP 31 is 1.983525
TEPS for SSSP 31 is 2.11415e+06
Validating SSSP 31
Validate time for SSSP 31 is 2.420913
Running SSSP 32
Time for SSSP 32 is 2.256532
TEPS for SSSP 32 is 1.85837e+06
Validating SSSP 32
Validate time for SSSP 32 is 2.252732
Running SSSP 33
Time for SSSP 33 is 1.973423
TEPS for SSSP 33 is 2.12497e+06
Validating SSSP 33
Validate time for SSSP 33 is 2.236615
Running SSSP 34
Time for SSSP 34 is 1.857793
TEPS for SSSP 34 is 2.25723e+06
Validating SSSP 34
Validate time for SSSP 34 is 2.350159
Running SSSP 35
Time for SSSP 35 is 1.535525
TEPS for SSSP 35 is 2.73097e+06
Validating SSSP 35
Validate time for SSSP 35 is 2.303924
Running SSSP 36
Time for SSSP 36 is 1.400538
TEPS for SSSP 36 is 2.99419e+06
Validating SSSP 36
Validate time for SSSP 36 is 2.597407
Running SSSP 37
Time for SSSP 37 is 2.139692
TEPS for SSSP 37 is 1.95985e+06
Validating SSSP 37
Validate time for SSSP 37 is 2.894815
Running SSSP 38
Time for SSSP 38 is 2.290848
TEPS for SSSP 38 is 1.83053e+06
Validating SSSP 38
Validate time for SSSP 38 is 2.389113
Running SSSP 39
Time for SSSP 39 is 2.069232
TEPS for SSSP 39 is 2.02658e+06
Validating SSSP 39
Validate time for SSSP 39 is 2.604902
Running SSSP 40
Time for SSSP 40 is 2.125842
TEPS for SSSP 40 is 1.97262e+06
Validating SSSP 40
Validate time for SSSP 40 is 2.703935
Running SSSP 41
Time for SSSP 41 is 2.049462
TEPS for SSSP 41 is 2.04613e+06
Validating SSSP 41
Validate time for SSSP 41 is 2.532636
Running SSSP 42
Time for SSSP 42 is 1.907836
TEPS for SSSP 42 is 2.19803e+06
Validating SSSP 42
Validate time for SSSP 42 is 2.514007
Running SSSP 43
Time for SSSP 43 is 1.711042
TEPS for SSSP 43 is 2.45083e+06
Validating SSSP 43
Validate time for SSSP 43 is 2.242735
Running SSSP 44
Time for SSSP 44 is 1.730626
TEPS for SSSP 44 is 2.4231e+06
Validating SSSP 44
Validate time for SSSP 44 is 2.750863
Running SSSP 45
Time for SSSP 45 is 2.091274
TEPS for SSSP 45 is 2.00522e+06
Validating SSSP 45
Validate time for SSSP 45 is 2.029802
Running SSSP 46
Time for SSSP 46 is 1.732128
TEPS for SSSP 46 is 2.42099e+06
Validating SSSP 46
Validate time for SSSP 46 is 2.290917
Running SSSP 47
Time for SSSP 47 is 1.829240
TEPS for SSSP 47 is 2.29247e+06
Validating SSSP 47
Validate time for SSSP 47 is 2.628621
Running SSSP 48
Time for SSSP 48 is 1.790141
TEPS for SSSP 48 is 2.34254e+06
Validating SSSP 48
Validate time for SSSP 48 is 2.194698
Running SSSP 49
Time for SSSP 49 is 1.968978
TEPS for SSSP 49 is 2.12977e+06
Validating SSSP 49
Validate time for SSSP 49 is 2.396191
Running SSSP 50
Time for SSSP 50 is 1.990961
TEPS for SSSP 50 is 2.10626e+06
Validating SSSP 50
Validate time for SSSP 50 is 2.637718
Running SSSP 51
Time for SSSP 51 is 1.965589
TEPS for SSSP 51 is 2.13344e+06
Validating SSSP 51
Validate time for SSSP 51 is 2.501899
Running SSSP 52
Time for SSSP 52 is 2.146703
TEPS for SSSP 52 is 1.95345e+06
Validating SSSP 52
Validate time for SSSP 52 is 2.722172
Running SSSP 53
Time for SSSP 53 is 1.689599
TEPS for SSSP 53 is 2.48193e+06
Validating SSSP 53
Validate time for SSSP 53 is 2.818071
Running SSSP 54
Time for SSSP 54 is 1.765661
TEPS for SSSP 54 is 2.37502e+06
Validating SSSP 54
Validate time for SSSP 54 is 2.460730
Running SSSP 55
Time for SSSP 55 is 1.873399
TEPS for SSSP 55 is 2.23843e+06
Validating SSSP 55
Validate time for SSSP 55 is 2.116204
Running SSSP 56
Time for SSSP 56 is 1.705648
TEPS for SSSP 56 is 2.45858e+06
Validating SSSP 56
Validate time for SSSP 56 is 2.171023
Running SSSP 57
Time for SSSP 57 is 1.657133
TEPS for SSSP 57 is 2.53056e+06
Validating SSSP 57
Validate time for SSSP 57 is 2.526520
Running SSSP 58
Time for SSSP 58 is 2.240257
TEPS for SSSP 58 is 1.87187e+06
Validating SSSP 58
Validate time for SSSP 58 is 2.290800
Running SSSP 59
Time for SSSP 59 is 2.025374
TEPS for SSSP 59 is 2.07047e+06
Validating SSSP 59
Validate time for SSSP 59 is 2.332274
Running SSSP 60
Time for SSSP 60 is 2.003960
TEPS for SSSP 60 is 2.09259e+06
Validating SSSP 60
Validate time for SSSP 60 is 2.553143
Running SSSP 61
Time for SSSP 61 is 1.782236
TEPS for SSSP 61 is 2.35293e+06
Validating SSSP 61
Validate time for SSSP 61 is 2.106953
Running SSSP 62
Time for SSSP 62 is 1.202864
TEPS for SSSP 62 is 3.48624e+06
Validating SSSP 62
Validate time for SSSP 62 is 2.451835
Running SSSP 63
Time for SSSP 63 is 1.716316
TEPS for SSSP 63 is 2.4433e+06
Validating SSSP 63
Validate time for SSSP 63 is 2.345254
SCALE:                          18
edgefactor:                     16
NBFS:                           64
graph_generation:               14.6113
num_mpi_processes:              1
construction_time:              3.77026
bfs  min_time:                  0.390954
bfs  firstquartile_time:        0.409272
bfs  median_time:               0.425923
bfs  thirdquartile_time:        0.451913
bfs  max_time:                  0.949791
bfs  mean_time:                 0.457933
bfs  stddev_time:               0.104468
sssp min_time:                  1.20286
sssp firstquartile_time:        1.69428
sssp median_time:               1.84692
sssp thirdquartile_time:        2.03627
sssp max_time:                  2.40003
sssp mean_time:                 1.84621
sssp stddev_time:               0.26971
min_nedge:                      4193472
firstquartile_nedge:            4193472
median_nedge:                   4193472
thirdquartile_nedge:            4193472
max_nedge:                      4193472
mean_nedge:                     4193472
stddev_nedge:                   0
bfs  min_TEPS:                  4.41515e+06
bfs  firstquartile_TEPS:        9.27938e+06
bfs  median_TEPS:               9.84562e+06
bfs  thirdquartile_TEPS:        1.02462e+07
bfs  max_TEPS:                  1.07263e+07
bfs  harmonic_mean_TEPS:     !  9.15738e+06
bfs  harmonic_stddev_TEPS:      263197
sssp min_TEPS:                  1.74726e+06
sssp firstquartile_TEPS:        2.05939e+06
sssp median_TEPS:               2.27052e+06
sssp thirdquartile_TEPS:        2.47508e+06
sssp max_TEPS:                  3.48624e+06
sssp harmonic_mean_TEPS:     !  2.27139e+06
sssp harmonic_stddev_TEPS:      41805.8
bfs  min_validate:              2.92345
bfs  firstquartile_validate:    3.42273
bfs  median_validate:           3.70768
bfs  thirdquartile_validate:    3.99589
bfs  max_validate:              8.47568
bfs  mean_validate:             4.01303
bfs  stddev_validate:           1.16995
sssp min_validate:              1.93374
sssp firstquartile_validate:    2.24773
sssp median_validate:           2.40664
sssp thirdquartile_validate:    2.54772
sssp max_validate:              2.89482
sssp mean_validate:             2.40264
sssp stddev_validate:           0.212927
