[localhost:10790] opal_ifinit: ioctl(SIOCGIFHWADDR) failed with errno=13
[localhost:10790] pmix_ifinit: ioctl(SIOCGIFHWADDR) failed with errno=13
failed to open /dev/dri/renderD128: Permission denied
failed to open /dev/dri/renderD128: Permission denied
failed to open /dev/dri/renderD128: Permission denied
failed to open /dev/dri/renderD128: Permission denied
failed to open /dev/dri/renderD128: Permission denied
failed to open /dev/dri/renderD128: Permission denied
graph_generation:               23.452545 s
construction_time:              10.075660 s
Running BFS 0
Time for BFS 0 is 1.563092
TEPS for BFS 0 is 5.36602e+06
Validating BFS 0
Validate time for BFS 0 is 10.596336
Running BFS 1
Time for BFS 1 is 0.999979
TEPS for BFS 1 is 8.38776e+06
Validating BFS 1
Validate time for BFS 1 is 10.834753
Running BFS 2
Time for BFS 2 is 1.228707
TEPS for BFS 2 is 6.82635e+06
Validating BFS 2
Validate time for BFS 2 is 12.008026
Running BFS 3
Time for BFS 3 is 1.674054
TEPS for BFS 3 is 5.01034e+06
Validating BFS 3
Validate time for BFS 3 is 11.895903
Running BFS 4
Time for BFS 4 is 1.672424
TEPS for BFS 4 is 5.01523e+06
Validating BFS 4
Validate time for BFS 4 is 11.772686
Running BFS 5
Time for BFS 5 is 1.681085
TEPS for BFS 5 is 4.98939e+06
Validating BFS 5
Validate time for BFS 5 is 11.108788
Running BFS 6
Time for BFS 6 is 1.542623
TEPS for BFS 6 is 5.43722e+06
Validating BFS 6
Validate time for BFS 6 is 11.084963
Running BFS 7
Time for BFS 7 is 1.511390
TEPS for BFS 7 is 5.54958e+06
Validating BFS 7
Validate time for BFS 7 is 11.291265
Running BFS 8
Time for BFS 8 is 1.508471
TEPS for BFS 8 is 5.56032e+06
Validating BFS 8
Validate time for BFS 8 is 11.566262
Running BFS 9
Time for BFS 9 is 1.594950
TEPS for BFS 9 is 5.25884e+06
Validating BFS 9
Validate time for BFS 9 is 11.309112
Running BFS 10
Time for BFS 10 is 1.530696
TEPS for BFS 10 is 5.47959e+06
Validating BFS 10
Validate time for BFS 10 is 10.970771
Running BFS 11
Time for BFS 11 is 1.539231
TEPS for BFS 11 is 5.4492e+06
Validating BFS 11
Validate time for BFS 11 is 11.206846
Running BFS 12
Time for BFS 12 is 1.529614
TEPS for BFS 12 is 5.48347e+06
Validating BFS 12
Validate time for BFS 12 is 11.292093
Running BFS 13
Time for BFS 13 is 1.482347
TEPS for BFS 13 is 5.65831e+06
Validating BFS 13
Validate time for BFS 13 is 10.959452
Running BFS 14
Time for BFS 14 is 1.458618
TEPS for BFS 14 is 5.75037e+06
Validating BFS 14
Validate time for BFS 14 is 11.058879
Running BFS 15
Time for BFS 15 is 1.538508
TEPS for BFS 15 is 5.45176e+06
Validating BFS 15
Validate time for BFS 15 is 11.320569
Running BFS 16
Time for BFS 16 is 1.589153
TEPS for BFS 16 is 5.27802e+06
Validating BFS 16
Validate time for BFS 16 is 10.616782
Running BFS 17
Time for BFS 17 is 1.465072
TEPS for BFS 17 is 5.72503e+06
Validating BFS 17
Validate time for BFS 17 is 11.837104
Running BFS 18
Time for BFS 18 is 1.527043
TEPS for BFS 18 is 5.4927e+06
Validating BFS 18
Validate time for BFS 18 is 11.104239
Running BFS 19
Time for BFS 19 is 1.553002
TEPS for BFS 19 is 5.40088e+06
Validating BFS 19
Validate time for BFS 19 is 12.030352
Running BFS 20
Time for BFS 20 is 1.479631
TEPS for BFS 20 is 5.6687e+06
Validating BFS 20
Validate time for BFS 20 is 12.257111
Running BFS 21
Time for BFS 21 is 1.633837
TEPS for BFS 21 is 5.13367e+06
Validating BFS 21
Validate time for BFS 21 is 10.868596
Running BFS 22
Time for BFS 22 is 1.214832
TEPS for BFS 22 is 6.90432e+06
Validating BFS 22
Validate time for BFS 22 is 10.787987
Running BFS 23
Time for BFS 23 is 0.980993
TEPS for BFS 23 is 8.5501e+06
Validating BFS 23
Validate time for BFS 23 is 9.603583
Running BFS 24
Time for BFS 24 is 0.980364
TEPS for BFS 24 is 8.55558e+06
Validating BFS 24
Validate time for BFS 24 is 10.666073
Running BFS 25
Time for BFS 25 is 1.040558
TEPS for BFS 25 is 8.06066e+06
Validating BFS 25
Validate time for BFS 25 is 10.884329
Running BFS 26
Time for BFS 26 is 1.319254
TEPS for BFS 26 is 6.35783e+06
Validating BFS 26
Validate time for BFS 26 is 12.771884
Running BFS 27
Time for BFS 27 is 1.561770
TEPS for BFS 27 is 5.37056e+06
Validating BFS 27
Validate time for BFS 27 is 12.447867
Running BFS 28
Time for BFS 28 is 1.548389
TEPS for BFS 28 is 5.41698e+06
Validating BFS 28
Validate time for BFS 28 is 11.824526
Running BFS 29
Time for BFS 29 is 1.519842
TEPS for BFS 29 is 5.51872e+06
Validating BFS 29
Validate time for BFS 29 is 11.920116
Running BFS 30
Time for BFS 30 is 1.531324
TEPS for BFS 30 is 5.47734e+06
Validating BFS 30
Validate time for BFS 30 is 12.048649
Running BFS 31
Time for BFS 31 is 1.546243
TEPS for BFS 31 is 5.42449e+06
Validating BFS 31
Validate time for BFS 31 is 12.774278
Running BFS 32
Time for BFS 32 is 1.676343
TEPS for BFS 32 is 5.0035e+06
Validating BFS 32
Validate time for BFS 32 is 11.876746
Running BFS 33
Time for BFS 33 is 1.687809
TEPS for BFS 33 is 4.96951e+06
Validating BFS 33
Validate time for BFS 33 is 11.960333
Running BFS 34
Time for BFS 34 is 1.498634
TEPS for BFS 34 is 5.59682e+06
Validating BFS 34
Validate time for BFS 34 is 11.855361
Running BFS 35
Time for BFS 35 is 1.538985
TEPS for BFS 35 is 5.45007e+06
Validating BFS 35
Validate time for BFS 35 is 12.858948
Running BFS 36
Time for BFS 36 is 1.557995
TEPS for BFS 36 is 5.38357e+06
Validating BFS 36
Validate time for BFS 36 is 11.832080
Running BFS 37
Time for BFS 37 is 1.503014
TEPS for BFS 37 is 5.58051e+06
Validating BFS 37
Validate time for BFS 37 is 11.772119
Running BFS 38
Time for BFS 38 is 1.657835
TEPS for BFS 38 is 5.05936e+06
Validating BFS 38
Validate time for BFS 38 is 12.748365
Running BFS 39
Time for BFS 39 is 1.588536
TEPS for BFS 39 is 5.28007e+06
Validating BFS 39
Validate time for BFS 39 is 11.945990
Running BFS 40
Time for BFS 40 is 1.524264
TEPS for BFS 40 is 5.50271e+06
Validating BFS 40
Validate time for BFS 40 is 11.742654
Running BFS 41
Time for BFS 41 is 1.480581
TEPS for BFS 41 is 5.66506e+06
Validating BFS 41
Validate time for BFS 41 is 11.073404
Running BFS 42
Time for BFS 42 is 1.541374
TEPS for BFS 42 is 5.44163e+06
Validating BFS 42
Validate time for BFS 42 is 11.789661
Running BFS 43
Time for BFS 43 is 1.523933
TEPS for BFS 43 is 5.50391e+06
Validating BFS 43
Validate time for BFS 43 is 11.706250
Running BFS 44
Time for BFS 44 is 1.531144
TEPS for BFS 44 is 5.47798e+06
Validating BFS 44
Validate time for BFS 44 is 11.750391
Running BFS 45
Time for BFS 45 is 1.496871
TEPS for BFS 45 is 5.60341e+06
Validating BFS 45
Validate time for BFS 45 is 11.685892
Running BFS 46
Time for BFS 46 is 1.501020
TEPS for BFS 46 is 5.58792e+06
Validating BFS 46
Validate time for BFS 46 is 13.266416
Running BFS 47
Time for BFS 47 is 1.485291
TEPS for BFS 47 is 5.6471e+06
Validating BFS 47
Validate time for BFS 47 is 11.123190
Running BFS 48
Time for BFS 48 is 1.572137
TEPS for BFS 48 is 5.33515e+06
Validating BFS 48
Validate time for BFS 48 is 10.892945
Running BFS 49
Time for BFS 49 is 1.465453
TEPS for BFS 49 is 5.72354e+06
Validating BFS 49
Validate time for BFS 49 is 11.721569
Running BFS 50
Time for BFS 50 is 1.455069
TEPS for BFS 50 is 5.76439e+06
Validating BFS 50
Validate time for BFS 50 is 11.091431
Running BFS 51
Time for BFS 51 is 1.508582
TEPS for BFS 51 is 5.55991e+06
Validating BFS 51
Validate time for BFS 51 is 10.921757
Running BFS 52
Time for BFS 52 is 1.472883
TEPS for BFS 52 is 5.69467e+06
Validating BFS 52
Validate time for BFS 52 is 10.962275
Running BFS 53
Time for BFS 53 is 1.482004
TEPS for BFS 53 is 5.65962e+06
Validating BFS 53
Validate time for BFS 53 is 11.515958
Running BFS 54
Time for BFS 54 is 1.577258
TEPS for BFS 54 is 5.31783e+06
Validating BFS 54
Validate time for BFS 54 is 11.091389
Running BFS 55
Time for BFS 55 is 1.539047
TEPS for BFS 55 is 5.44986e+06
Validating BFS 55
Validate time for BFS 55 is 11.759962
Running BFS 56
Time for BFS 56 is 1.551576
TEPS for BFS 56 is 5.40585e+06
Validating BFS 56
Validate time for BFS 56 is 10.688091
Running BFS 57
Time for BFS 57 is 1.570936
TEPS for BFS 57 is 5.33923e+06
Validating BFS 57
Validate time for BFS 57 is 11.175486
Running BFS 58
Time for BFS 58 is 1.546040
TEPS for BFS 58 is 5.4252e+06
Validating BFS 58
Validate time for BFS 58 is 10.818603
Running BFS 59
Time for BFS 59 is 1.462038
TEPS for BFS 59 is 5.73691e+06
Validating BFS 59
Validate time for BFS 59 is 11.037458
Running BFS 60
Time for BFS 60 is 1.482332
TEPS for BFS 60 is 5.65837e+06
Validating BFS 60
Validate time for BFS 60 is 12.524456
Running BFS 61
Time for BFS 61 is 1.582754
TEPS for BFS 61 is 5.29936e+06
Validating BFS 61
Validate time for BFS 61 is 12.224076
Running BFS 62
Time for BFS 62 is 1.570492
TEPS for BFS 62 is 5.34074e+06
Validating BFS 62
Validate time for BFS 62 is 12.567874
Running BFS 63
Time for BFS 63 is 1.673389
TEPS for BFS 63 is 5.01233e+06
Validating BFS 63
Validate time for BFS 63 is 12.643503
SCALE:                          19
edgefactor:                     16
NBFS:                           64
graph_generation:               23.4525
num_mpi_processes:              1
construction_time:              10.0757
bfs  min_time:                  0.980364
bfs  firstquartile_time:        1.48217
bfs  median_time:               1.53092
bfs  thirdquartile_time:        1.56679
bfs  max_time:                  1.68781
bfs  mean_time:                 1.4977
bfs  stddev_time:               0.155436
min_nedge:                      8387584
firstquartile_nedge:            8387584
median_nedge:                   8387584
thirdquartile_nedge:            8387584
max_nedge:                      8387584
mean_nedge:                     8387584
stddev_nedge:                   0
bfs  min_TEPS:                  4.96951e+06
bfs  firstquartile_TEPS:        5.35335e+06
bfs  median_TEPS:               5.47879e+06
bfs  thirdquartile_TEPS:        5.659e+06
bfs  max_TEPS:                  8.55558e+06
bfs  harmonic_mean_TEPS:     !  5.60031e+06
bfs  harmonic_stddev_TEPS:      73226.7
bfs  min_validate:              9.60358
bfs  firstquartile_validate:    11.0482
bfs  median_validate:           11.6261
bfs  thirdquartile_validate:    11.9331
bfs  max_validate:              13.2664
bfs  mean_validate:             11.5523
bfs  stddev_validate:           0.690275
