[localhost:30990] opal_ifinit: ioctl(SIOCGIFHWADDR) failed with errno=13
[localhost:30990] pmix_ifinit: ioctl(SIOCGIFHWADDR) failed with errno=13
failed to open /dev/dri/renderD128: Permission denied
failed to open /dev/dri/renderD128: Permission denied
failed to open /dev/dri/renderD128: Permission denied
failed to open /dev/dri/renderD128: Permission denied
failed to open /dev/dri/renderD128: Permission denied
failed to open /dev/dri/renderD128: Permission denied
graph_generation:               9.503693 s
construction_time:              4.048437 s
Running BFS 0
Time for BFS 0 is 0.547568
TEPS for BFS 0 is 7.65836e+06
Validating BFS 0
Validate time for BFS 0 is 5.352831
Running BFS 1
Time for BFS 1 is 0.734618
TEPS for BFS 1 is 5.70837e+06
Validating BFS 1
Validate time for BFS 1 is 7.395739
Running BFS 2
Time for BFS 2 is 0.535103
TEPS for BFS 2 is 7.83676e+06
Validating BFS 2
Validate time for BFS 2 is 5.739853
Running BFS 3
Time for BFS 3 is 0.522813
TEPS for BFS 3 is 8.02097e+06
Validating BFS 3
Validate time for BFS 3 is 4.931035
Running BFS 4
Time for BFS 4 is 0.536191
TEPS for BFS 4 is 7.82086e+06
Validating BFS 4
Validate time for BFS 4 is 5.708556
Running BFS 5
Time for BFS 5 is 0.685802
TEPS for BFS 5 is 6.1147e+06
Validating BFS 5
Validate time for BFS 5 is 10.287261
Running BFS 6
Time for BFS 6 is 0.705273
TEPS for BFS 6 is 5.94589e+06
Validating BFS 6
Validate time for BFS 6 is 5.228745
Running BFS 7
Time for BFS 7 is 0.535319
TEPS for BFS 7 is 7.83359e+06
Validating BFS 7
Validate time for BFS 7 is 4.732781
Running BFS 8
Time for BFS 8 is 0.519581
TEPS for BFS 8 is 8.07088e+06
Validating BFS 8
Validate time for BFS 8 is 4.871784
Running BFS 9
Time for BFS 9 is 0.498035
TEPS for BFS 9 is 8.42004e+06
Validating BFS 9
Validate time for BFS 9 is 4.563199
Running BFS 10
Time for BFS 10 is 0.524969
TEPS for BFS 10 is 7.98803e+06
Validating BFS 10
Validate time for BFS 10 is 4.436365
Running BFS 11
Time for BFS 11 is 0.480020
TEPS for BFS 11 is 8.73604e+06
Validating BFS 11
Validate time for BFS 11 is 4.658806
Running BFS 12
Time for BFS 12 is 0.534210
TEPS for BFS 12 is 7.84986e+06
Validating BFS 12
Validate time for BFS 12 is 4.678295
Running BFS 13
Time for BFS 13 is 0.517388
TEPS for BFS 13 is 8.10508e+06
Validating BFS 13
Validate time for BFS 13 is 4.767893
Running BFS 14
Time for BFS 14 is 0.511836
TEPS for BFS 14 is 8.193e+06
Validating BFS 14
Validate time for BFS 14 is 4.698989
Running BFS 15
Time for BFS 15 is 0.564709
TEPS for BFS 15 is 7.4259e+06
Validating BFS 15
Validate time for BFS 15 is 4.895615
Running BFS 16
Time for BFS 16 is 0.510946
TEPS for BFS 16 is 8.20727e+06
Validating BFS 16
Validate time for BFS 16 is 4.781670
Running BFS 17
Time for BFS 17 is 0.517885
TEPS for BFS 17 is 8.0973e+06
Validating BFS 17
Validate time for BFS 17 is 5.147994
Running BFS 18
Time for BFS 18 is 0.527124
TEPS for BFS 18 is 7.95538e+06
Validating BFS 18
Validate time for BFS 18 is 4.602911
Running BFS 19
Time for BFS 19 is 0.510743
TEPS for BFS 19 is 8.21053e+06
Validating BFS 19
Validate time for BFS 19 is 4.764521
Running BFS 20
Time for BFS 20 is 0.503117
TEPS for BFS 20 is 8.33499e+06
Validating BFS 20
Validate time for BFS 20 is 4.602640
Running BFS 21
Time for BFS 21 is 0.506620
TEPS for BFS 21 is 8.27736e+06
Validating BFS 21
Validate time for BFS 21 is 4.717338
Running BFS 22
Time for BFS 22 is 0.515771
TEPS for BFS 22 is 8.13049e+06
Validating BFS 22
Validate time for BFS 22 is 4.761069
Running BFS 23
Time for BFS 23 is 0.513570
TEPS for BFS 23 is 8.16533e+06
Validating BFS 23
Validate time for BFS 23 is 4.719850
Running BFS 24
Time for BFS 24 is 0.567912
TEPS for BFS 24 is 7.38402e+06
Validating BFS 24
Validate time for BFS 24 is 4.992054
Running BFS 25
Time for BFS 25 is 0.541043
TEPS for BFS 25 is 7.75072e+06
Validating BFS 25
Validate time for BFS 25 is 4.963028
Running BFS 26
Time for BFS 26 is 0.548406
TEPS for BFS 26 is 7.64665e+06
Validating BFS 26
Validate time for BFS 26 is 4.743093
Running BFS 27
Time for BFS 27 is 0.513696
TEPS for BFS 27 is 8.16334e+06
Validating BFS 27
Validate time for BFS 27 is 5.282519
Running BFS 28
Time for BFS 28 is 0.518459
TEPS for BFS 28 is 8.08833e+06
Validating BFS 28
Validate time for BFS 28 is 5.154739
Running BFS 29
Time for BFS 29 is 0.547269
TEPS for BFS 29 is 7.66254e+06
Validating BFS 29
Validate time for BFS 29 is 5.121206
Running BFS 30
Time for BFS 30 is 0.623190
TEPS for BFS 30 is 6.72904e+06
Validating BFS 30
Validate time for BFS 30 is 5.236866
Running BFS 31
Time for BFS 31 is 0.576263
TEPS for BFS 31 is 7.27701e+06
Validating BFS 31
Validate time for BFS 31 is 6.511145
Running BFS 32
Time for BFS 32 is 0.780051
TEPS for BFS 32 is 5.37589e+06
Validating BFS 32
Validate time for BFS 32 is 6.530864
Running BFS 33
Time for BFS 33 is 1.034022
TEPS for BFS 33 is 4.0555e+06
Validating BFS 33
Validate time for BFS 33 is 5.714248
Running BFS 34
Time for BFS 34 is 0.500048
TEPS for BFS 34 is 8.38614e+06
Validating BFS 34
Validate time for BFS 34 is 4.305698
Running BFS 35
Time for BFS 35 is 0.510008
TEPS for BFS 35 is 8.22236e+06
Validating BFS 35
Validate time for BFS 35 is 4.743689
Running BFS 36
Time for BFS 36 is 0.502231
TEPS for BFS 36 is 8.34968e+06
Validating BFS 36
Validate time for BFS 36 is 3.986677
Running BFS 37
Time for BFS 37 is 0.484142
TEPS for BFS 37 is 8.66166e+06
Validating BFS 37
Validate time for BFS 37 is 5.486415
Running BFS 38
Time for BFS 38 is 0.471596
TEPS for BFS 38 is 8.89209e+06
Validating BFS 38
Validate time for BFS 38 is 3.870300
Running BFS 39
Time for BFS 39 is 0.461462
TEPS for BFS 39 is 9.08737e+06
Validating BFS 39
Validate time for BFS 39 is 3.699423
Running BFS 40
Time for BFS 40 is 0.426652
TEPS for BFS 40 is 9.82878e+06
Validating BFS 40
Validate time for BFS 40 is 4.863636
Running BFS 41
Time for BFS 41 is 0.466938
TEPS for BFS 41 is 8.9808e+06
Validating BFS 41
Validate time for BFS 41 is 4.452333
Running BFS 42
Time for BFS 42 is 0.461798
TEPS for BFS 42 is 9.08076e+06
Validating BFS 42
Validate time for BFS 42 is 3.646274
Running BFS 43
Time for BFS 43 is 0.415278
TEPS for BFS 43 is 1.0098e+07
Validating BFS 43
Validate time for BFS 43 is 3.191377
Running BFS 44
Time for BFS 44 is 0.421595
TEPS for BFS 44 is 9.94669e+06
Validating BFS 44
Validate time for BFS 44 is 3.783674
Running BFS 45
Time for BFS 45 is 0.462039
TEPS for BFS 45 is 9.07601e+06
Validating BFS 45
Validate time for BFS 45 is 3.651217
Running BFS 46
Time for BFS 46 is 0.465845
TEPS for BFS 46 is 9.00186e+06
Validating BFS 46
Validate time for BFS 46 is 4.533521
Running BFS 47
Time for BFS 47 is 0.429034
TEPS for BFS 47 is 9.77421e+06
Validating BFS 47
Validate time for BFS 47 is 3.692513
Running BFS 48
Time for BFS 48 is 0.429268
TEPS for BFS 48 is 9.76889e+06
Validating BFS 48
Validate time for BFS 48 is 3.642914
Running BFS 49
Time for BFS 49 is 0.438507
TEPS for BFS 49 is 9.56306e+06
Validating BFS 49
Validate time for BFS 49 is 3.512631
Running BFS 50
Time for BFS 50 is 0.419726
TEPS for BFS 50 is 9.99097e+06
Validating BFS 50
Validate time for BFS 50 is 3.256563
Running BFS 51
Time for BFS 51 is 0.417773
TEPS for BFS 51 is 1.00377e+07
Validating BFS 51
Validate time for BFS 51 is 3.286684
Running BFS 52
Time for BFS 52 is 0.420951
TEPS for BFS 52 is 9.96191e+06
Validating BFS 52
Validate time for BFS 52 is 3.884740
Running BFS 53
Time for BFS 53 is 0.490621
TEPS for BFS 53 is 8.54727e+06
Validating BFS 53
Validate time for BFS 53 is 6.096073
Running BFS 54
Time for BFS 54 is 0.495607
TEPS for BFS 54 is 8.46128e+06
Validating BFS 54
Validate time for BFS 54 is 4.293669
Running BFS 55
Time for BFS 55 is 0.425454
TEPS for BFS 55 is 9.85647e+06
Validating BFS 55
Validate time for BFS 55 is 3.668927
Running BFS 56
Time for BFS 56 is 0.481492
TEPS for BFS 56 is 8.70933e+06
Validating BFS 56
Validate time for BFS 56 is 4.311050
Running BFS 57
Time for BFS 57 is 0.505280
TEPS for BFS 57 is 8.2993e+06
Validating BFS 57
Validate time for BFS 57 is 4.215561
Running BFS 58
Time for BFS 58 is 0.446110
TEPS for BFS 58 is 9.40008e+06
Validating BFS 58
Validate time for BFS 58 is 3.793906
Running BFS 59
Time for BFS 59 is 0.417455
TEPS for BFS 59 is 1.00453e+07
Validating BFS 59
Validate time for BFS 59 is 3.375204
Running BFS 60
Time for BFS 60 is 0.422668
TEPS for BFS 60 is 9.92144e+06
Validating BFS 60
Validate time for BFS 60 is 3.716763
Running BFS 61
Time for BFS 61 is 0.423189
TEPS for BFS 61 is 9.90922e+06
Validating BFS 61
Validate time for BFS 61 is 3.670439
Running BFS 62
Time for BFS 62 is 0.417174
TEPS for BFS 62 is 1.00521e+07
Validating BFS 62
Validate time for BFS 62 is 3.655955
Running BFS 63
Time for BFS 63 is 0.421213
TEPS for BFS 63 is 9.9557e+06
Validating BFS 63
Validate time for BFS 63 is 4.348433
SCALE:                          18
edgefactor:                     16
NBFS:                           64
graph_generation:               9.50369
num_mpi_processes:              1
construction_time:              4.04844
bfs  min_time:                  0.415278
bfs  firstquartile_time:        0.453786
bfs  median_time:               0.50595
bfs  thirdquartile_time:        0.534656
bfs  max_time:                  1.03402
bfs  mean_time:                 0.513448
bfs  stddev_time:               0.100173
min_nedge:                      4193472
firstquartile_nedge:            4193472
median_nedge:                   4193472
thirdquartile_nedge:            4193472
max_nedge:                      4193472
mean_nedge:                     4193472
stddev_nedge:                   0
bfs  min_TEPS:                  4.0555e+06
bfs  firstquartile_TEPS:        7.8433e+06
bfs  median_TEPS:               8.28831e+06
bfs  thirdquartile_TEPS:        9.24108e+06
bfs  max_TEPS:                  1.0098e+07
bfs  harmonic_mean_TEPS:     !  8.16728e+06
bfs  harmonic_stddev_TEPS:      200753
bfs  min_validate:              3.19138
bfs  firstquartile_validate:    3.8321
bfs  median_validate:           4.68864
bfs  thirdquartile_validate:    5.05663
bfs  max_validate:              10.2873
bfs  mean_validate:             4.68643
bfs  stddev_validate:           1.10297
